Archive member included to satisfy reference by file (symbol)

/usr/local/Cellar/arm-none-eabi-gcc/10.3-2021.07/gcc/bin/../lib/gcc/arm-none-eabi/10.3.1/../../../../arm-none-eabi/lib/thumb/v7e-m+fp/hard/libc_nano.a(lib_a-exit.o)
                              /usr/local/Cellar/arm-none-eabi-gcc/10.3-2021.07/gcc/bin/../lib/gcc/arm-none-eabi/10.3.1/../../../../arm-none-eabi/lib/thumb/v7e-m+fp/hard/crt0.o (exit)
/usr/local/Cellar/arm-none-eabi-gcc/10.3-2021.07/gcc/bin/../lib/gcc/arm-none-eabi/10.3.1/../../../../arm-none-eabi/lib/thumb/v7e-m+fp/hard/libc_nano.a(lib_a-impure.o)
                              /usr/local/Cellar/arm-none-eabi-gcc/10.3-2021.07/gcc/bin/../lib/gcc/arm-none-eabi/10.3.1/../../../../arm-none-eabi/lib/thumb/v7e-m+fp/hard/libc_nano.a(lib_a-exit.o) (_global_impure_ptr)
/usr/local/Cellar/arm-none-eabi-gcc/10.3-2021.07/gcc/bin/../lib/gcc/arm-none-eabi/10.3.1/../../../../arm-none-eabi/lib/thumb/v7e-m+fp/hard/libc_nano.a(lib_a-init.o)
                              /usr/local/Cellar/arm-none-eabi-gcc/10.3-2021.07/gcc/bin/../lib/gcc/arm-none-eabi/10.3.1/../../../../arm-none-eabi/lib/thumb/v7e-m+fp/hard/crt0.o (__libc_init_array)
/usr/local/Cellar/arm-none-eabi-gcc/10.3-2021.07/gcc/bin/../lib/gcc/arm-none-eabi/10.3.1/../../../../arm-none-eabi/lib/thumb/v7e-m+fp/hard/libc_nano.a(lib_a-memcpy-stub.o)
                              _build/nrf52832_xxaa/app_scheduler.c.o (memcpy)
/usr/local/Cellar/arm-none-eabi-gcc/10.3-2021.07/gcc/bin/../lib/gcc/arm-none-eabi/10.3.1/../../../../arm-none-eabi/lib/thumb/v7e-m+fp/hard/libc_nano.a(lib_a-memset.o)
                              /usr/local/Cellar/arm-none-eabi-gcc/10.3-2021.07/gcc/bin/../lib/gcc/arm-none-eabi/10.3.1/../../../../arm-none-eabi/lib/thumb/v7e-m+fp/hard/crt0.o (memset)
/usr/local/Cellar/arm-none-eabi-gcc/10.3-2021.07/gcc/bin/../lib/gcc/arm-none-eabi/10.3.1/../../../../arm-none-eabi/lib/thumb/v7e-m+fp/hard/libc_nano.a(lib_a-strlen.o)
                              _build/nrf52832_xxaa/nrf_fprintf_format.c.o (strlen)
/usr/local/Cellar/arm-none-eabi-gcc/10.3-2021.07/gcc/bin/../lib/gcc/arm-none-eabi/10.3.1/../../../../arm-none-eabi/lib/thumb/v7e-m+fp/hard/libnosys.a(_exit.o)
                              /usr/local/Cellar/arm-none-eabi-gcc/10.3-2021.07/gcc/bin/../lib/gcc/arm-none-eabi/10.3.1/../../../../arm-none-eabi/lib/thumb/v7e-m+fp/hard/libc_nano.a(lib_a-exit.o) (_exit)
/usr/local/Cellar/arm-none-eabi-gcc/10.3-2021.07/gcc/bin/../lib/gcc/arm-none-eabi/10.3.1/thumb/v7e-m+fp/hard/libgcc.a(_aeabi_ldivmod.o)
                              _build/nrf52832_xxaa/nrfx_wdt.c.o (__aeabi_ldivmod)
/usr/local/Cellar/arm-none-eabi-gcc/10.3-2021.07/gcc/bin/../lib/gcc/arm-none-eabi/10.3.1/thumb/v7e-m+fp/hard/libgcc.a(_aeabi_uldivmod.o)
                              _build/nrf52832_xxaa/nrfx_wdt.c.o (__aeabi_uldivmod)
/usr/local/Cellar/arm-none-eabi-gcc/10.3-2021.07/gcc/bin/../lib/gcc/arm-none-eabi/10.3.1/thumb/v7e-m+fp/hard/libgcc.a(_udivmoddi4.o)
                              /usr/local/Cellar/arm-none-eabi-gcc/10.3-2021.07/gcc/bin/../lib/gcc/arm-none-eabi/10.3.1/thumb/v7e-m+fp/hard/libgcc.a(_aeabi_ldivmod.o) (__udivmoddi4)
/usr/local/Cellar/arm-none-eabi-gcc/10.3-2021.07/gcc/bin/../lib/gcc/arm-none-eabi/10.3.1/thumb/v7e-m+fp/hard/libgcc.a(_dvmd_tls.o)
                              /usr/local/Cellar/arm-none-eabi-gcc/10.3-2021.07/gcc/bin/../lib/gcc/arm-none-eabi/10.3.1/thumb/v7e-m+fp/hard/libgcc.a(_aeabi_ldivmod.o) (__aeabi_ldiv0)

Discarded input sections

 .text          0x0000000000000000        0x0 /usr/local/Cellar/arm-none-eabi-gcc/10.3-2021.07/gcc/bin/../lib/gcc/arm-none-eabi/10.3.1/thumb/v7e-m+fp/hard/crti.o
 .data          0x0000000000000000        0x0 /usr/local/Cellar/arm-none-eabi-gcc/10.3-2021.07/gcc/bin/../lib/gcc/arm-none-eabi/10.3.1/thumb/v7e-m+fp/hard/crti.o
 .bss           0x0000000000000000        0x0 /usr/local/Cellar/arm-none-eabi-gcc/10.3-2021.07/gcc/bin/../lib/gcc/arm-none-eabi/10.3.1/thumb/v7e-m+fp/hard/crti.o
 .data          0x0000000000000000        0x4 /usr/local/Cellar/arm-none-eabi-gcc/10.3-2021.07/gcc/bin/../lib/gcc/arm-none-eabi/10.3.1/thumb/v7e-m+fp/hard/crtbegin.o
 .rodata        0x0000000000000000       0x24 /usr/local/Cellar/arm-none-eabi-gcc/10.3-2021.07/gcc/bin/../lib/gcc/arm-none-eabi/10.3.1/thumb/v7e-m+fp/hard/crtbegin.o
 .data          0x0000000000000000        0x0 /usr/local/Cellar/arm-none-eabi-gcc/10.3-2021.07/gcc/bin/../lib/gcc/arm-none-eabi/10.3.1/../../../../arm-none-eabi/lib/thumb/v7e-m+fp/hard/crt0.o
 .bss           0x0000000000000000        0x0 /usr/local/Cellar/arm-none-eabi-gcc/10.3-2021.07/gcc/bin/../lib/gcc/arm-none-eabi/10.3.1/../../../../arm-none-eabi/lib/thumb/v7e-m+fp/hard/crt0.o
 .ARM.extab     0x0000000000000000        0x0 /usr/local/Cellar/arm-none-eabi-gcc/10.3-2021.07/gcc/bin/../lib/gcc/arm-none-eabi/10.3.1/../../../../arm-none-eabi/lib/thumb/v7e-m+fp/hard/crt0.o
 .data          0x0000000000000000        0x0 _build/nrf52832_xxaa/gcc_startup_nrf52.S.o
[...]
Memory Configuration

Name             Origin             Length             Attributes
FLASH            0x0000000000000000 0x0000000000080000 xr
RAM              0x0000000020000000 0x0000000000010000 xrw
*default*        0x0000000000000000 0xffffffffffffffff

Linker script and memory map


.text           0x0000000000000000     0x2a20
 *(.isr_vector)
 .isr_vector    0x0000000000000000      0x200 _build/nrf52832_xxaa/gcc_startup_nrf52.S.o
                0x0000000000000000                __isr_vector
 *(.text*)
 .text          0x0000000000000200       0x40 /usr/local/Cellar/arm-none-eabi-gcc/10.3-2021.07/gcc/bin/../lib/gcc/arm-none-eabi/10.3.1/thumb/v7e-m+fp/hard/crtbegin.o
 .text          0x0000000000000240       0x7c /usr/local/Cellar/arm-none-eabi-gcc/10.3-2021.07/gcc/bin/../lib/gcc/arm-none-eabi/10.3.1/../../../../arm-none-eabi/lib/thumb/v7e-m+fp/hard/crt0.o
                0x0000000000000240                _stack_init
                0x0000000000000248                _mainCRTStartup
                0x0000000000000248                _start
 .text          0x00000000000002bc       0x3c _build/nrf52832_xxaa/gcc_startup_nrf52.S.o
                0x00000000000002bc                Reset_Handler
                0x00000000000002e4                NMI_Handler
                0x00000000000002e6                HardFault_Handler
                0x00000000000002e8                MemoryManagement_Handler
                0x00000000000002ea                BusFault_Handler
                0x00000000000002ec                UsageFault_Handler
                0x00000000000002ee                SVC_Handler
                0x00000000000002f0                DebugMon_Handler
                0x00000000000002f2                PendSV_Handler
                0x00000000000002f4                SysTick_Handler
                0x00000000000002f6                FPU_IRQHandler
                0x00000000000002f6                SPIM0_SPIS0_TWIM0_TWIS0_SPI0_TWI0_IRQHandler
                0x00000000000002f6                UARTE0_UART0_IRQHandler
                0x00000000000002f6                TIMER4_IRQHandler
                0x00000000000002f6                I2S_IRQHandler
                0x00000000000002f6                SWI4_EGU4_IRQHandler
                0x00000000000002f6                TIMER0_IRQHandler
                0x00000000000002f6                TIMER1_IRQHandler
                0x00000000000002f6                PWM2_IRQHandler
                0x00000000000002f6                ECB_IRQHandler
                0x00000000000002f6                SPIM1_SPIS1_TWIM1_TWIS1_SPI1_TWI1_IRQHandler
                0x00000000000002f6                Default_Handler
                0x00000000000002f6                SAADC_IRQHandler
                0x00000000000002f6                CCM_AAR_IRQHandler
                0x00000000000002f6                SWI5_EGU5_IRQHandler
                0x00000000000002f6                RNG_IRQHandler
                0x00000000000002f6                RTC2_IRQHandler
                0x00000000000002f6                PWM0_IRQHandler
                0x00000000000002f6                SWI3_EGU3_IRQHandler
                0x00000000000002f6                SWI1_EGU1_IRQHandler
                0x00000000000002f6                SPIM2_SPIS2_SPI2_IRQHandler
                0x00000000000002f6                NFCT_IRQHandler
                0x00000000000002f6                MWU_IRQHandler
                0x00000000000002f6                TIMER2_IRQHandler
                0x00000000000002f6                COMP_LPCOMP_IRQHandler
                0x00000000000002f6                RTC0_IRQHandler
                0x00000000000002f6                SWI0_EGU0_IRQHandler
                0x00000000000002f6                SWI2_EGU2_IRQHandler
                0x00000000000002f6                PWM1_IRQHandler
                0x00000000000002f6                RADIO_IRQHandler
                0x00000000000002f6                PDM_IRQHandler
                0x00000000000002f6                TEMP_IRQHandler
                0x00000000000002f6                QDEC_IRQHandler
                0x00000000000002f6                TIMER3_IRQHandler
 .text.bsp_board_led_state_get
                0x00000000000002f8       0x1c _build/nrf52832_xxaa/boards.c.o
                0x00000000000002f8                bsp_board_led_state_get
 .text.bsp_board_led_on
                0x0000000000000314       0x18 _build/nrf52832_xxaa/boards.c.o
                0x0000000000000314                bsp_board_led_on
 .text.bsp_board_led_off
                0x000000000000032c       0x18 _build/nrf52832_xxaa/boards.c.o
                0x000000000000032c                bsp_board_led_off
 .text.bsp_board_leds_off
                0x0000000000000344       0x2c _build/nrf52832_xxaa/boards.c.o
                0x0000000000000344                bsp_board_leds_off
 .text.bsp_board_leds_on
                0x0000000000000370       0x2c _build/nrf52832_xxaa/boards.c.o
                0x0000000000000370                bsp_board_leds_on
 .text.bsp_board_led_invert
                0x000000000000039c       0x24 _build/nrf52832_xxaa/boards.c.o
                0x000000000000039c                bsp_board_led_invert
 .text.bsp_board_pin_to_button_idx
                0x00000000000003c0       0x24 _build/nrf52832_xxaa/boards.c.o
                0x00000000000003c0                bsp_board_pin_to_button_idx
 .text.bsp_board_init
                0x00000000000003e4       0x5c _build/nrf52832_xxaa/boards.c.o
                0x00000000000003e4                bsp_board_init
 .text.gpiote_event_handler
                0x0000000000000440       0x74 _build/nrf52832_xxaa/app_button.c.o
 .text.detection_delay_timeout_handler
                0x00000000000004b4      0x250 _build/nrf52832_xxaa/app_button.c.o
 .text.app_button_init
                0x0000000000000704       0xb8 _build/nrf52832_xxaa/app_button.c.o
                0x0000000000000704                app_button_init
 .text.app_button_enable
                0x00000000000007bc       0x2c _build/nrf52832_xxaa/app_button.c.o
                0x00000000000007bc                app_button_enable
 .text.app_error_handler_bare
                0x00000000000007e8       0x20 _build/nrf52832_xxaa/app_error.c.o
                0x00000000000007e8                app_error_handler_bare
 .text.compare_func
                0x0000000000000808       0x1c _build/nrf52832_xxaa/app_timer2.c.o
 .text.rtc_irq  0x0000000000000824      0x3a8 _build/nrf52832_xxaa/app_timer2.c.o
 .text.app_timer_init
                0x0000000000000bcc       0x6c _build/nrf52832_xxaa/app_timer2.c.o
                0x0000000000000bcc                app_timer_init
 .text.app_timer_create
                0x0000000000000c38       0x30 _build/nrf52832_xxaa/app_timer2.c.o
                0x0000000000000c38                app_timer_create
 .text.app_timer_start
                0x0000000000000c68       0xb0 _build/nrf52832_xxaa/app_timer2.c.o
                0x0000000000000c68                app_timer_start
 .text.app_timer_stop
                0x0000000000000d18       0x74 _build/nrf52832_xxaa/app_timer2.c.o
                0x0000000000000d18                app_timer_stop
 .text.app_util_critical_region_enter
                0x0000000000000d8c       0x10 _build/nrf52832_xxaa/app_util_platform.c.o
                0x0000000000000d8c                app_util_critical_region_enter
 .text.app_util_critical_region_exit
                0x0000000000000d9c       0x14 _build/nrf52832_xxaa/app_util_platform.c.o
                0x0000000000000d9c                app_util_critical_region_exit
 .text.drv_rtc_init
                0x0000000000000db0       0x90 _build/nrf52832_xxaa/drv_rtc.c.o
                0x0000000000000db0                drv_rtc_init
 .text.drv_rtc_start
                0x0000000000000e40        0x8 _build/nrf52832_xxaa/drv_rtc.c.o
                0x0000000000000e40                drv_rtc_start
 .text.drv_rtc_stop
                0x0000000000000e48        0x8 _build/nrf52832_xxaa/drv_rtc.c.o
                0x0000000000000e48                drv_rtc_stop
 .text.drv_rtc_compare_set
                0x0000000000000e50       0x54 _build/nrf52832_xxaa/drv_rtc.c.o
                0x0000000000000e50                drv_rtc_compare_set
 .text.drv_rtc_windowed_compare_set
                0x0000000000000ea4       0xf8 _build/nrf52832_xxaa/drv_rtc.c.o
                0x0000000000000ea4                drv_rtc_windowed_compare_set
 .text.drv_rtc_overflow_enable
                0x0000000000000f9c       0x14 _build/nrf52832_xxaa/drv_rtc.c.o
                0x0000000000000f9c                drv_rtc_overflow_enable
 .text.drv_rtc_overflow_pending
                0x0000000000000fb0       0x20 _build/nrf52832_xxaa/drv_rtc.c.o
                0x0000000000000fb0                drv_rtc_overflow_pending
 .text.drv_rtc_compare_disable
                0x0000000000000fd0       0x18 _build/nrf52832_xxaa/drv_rtc.c.o
                0x0000000000000fd0                drv_rtc_compare_disable
 .text.drv_rtc_compare_pending
                0x0000000000000fe8       0x20 _build/nrf52832_xxaa/drv_rtc.c.o
                0x0000000000000fe8                drv_rtc_compare_pending
 .text.drv_rtc_counter_get
                0x0000000000001008        0x8 _build/nrf52832_xxaa/drv_rtc.c.o
                0x0000000000001008                drv_rtc_counter_get
 .text.drv_rtc_irq_trigger
                0x0000000000001010       0x24 _build/nrf52832_xxaa/drv_rtc.c.o
                0x0000000000001010                drv_rtc_irq_trigger
 .text.RTC1_IRQHandler
                0x0000000000001034       0x14 _build/nrf52832_xxaa/drv_rtc.c.o
                0x0000000000001034                RTC1_IRQHandler
 .text.nrf_atfifo_init
                0x0000000000001048       0x30 _build/nrf52832_xxaa/nrf_atfifo.c.o
                0x0000000000001048                nrf_atfifo_init
 .text.nrf_atfifo_item_alloc
                0x0000000000001078       0x64 _build/nrf52832_xxaa/nrf_atfifo.c.o
                0x0000000000001078                nrf_atfifo_item_alloc
 .text.nrf_atfifo_item_put
                0x00000000000010dc       0x20 _build/nrf52832_xxaa/nrf_atfifo.c.o
                0x00000000000010dc                nrf_atfifo_item_put
 .text.nrf_atfifo_item_get
                0x00000000000010fc       0x64 _build/nrf52832_xxaa/nrf_atfifo.c.o
                0x00000000000010fc                nrf_atfifo_item_get
 .text.nrf_atfifo_item_free
                0x0000000000001160       0x20 _build/nrf52832_xxaa/nrf_atfifo.c.o
                0x0000000000001160                nrf_atfifo_item_free
 .text.nrf_sortlist_add
                0x0000000000001180       0x28 _build/nrf52832_xxaa/nrf_sortlist.c.o
                0x0000000000001180                nrf_sortlist_add
 .text.nrf_sortlist_pop
                0x00000000000011a8        0xc _build/nrf52832_xxaa/nrf_sortlist.c.o
                0x00000000000011a8                nrf_sortlist_pop
 .text.nrf_sortlist_peek
                0x00000000000011b4        0x8 _build/nrf52832_xxaa/nrf_sortlist.c.o
                0x00000000000011b4                nrf_sortlist_peek
 .text.nrf_sortlist_remove
                0x00000000000011bc       0x1c _build/nrf52832_xxaa/nrf_sortlist.c.o
                0x00000000000011bc                nrf_sortlist_remove
 .text.clock_irq_handler
                0x00000000000011d8       0x44 _build/nrf52832_xxaa/nrf_drv_clock.c.o
 .text.nrf_drv_clock_init
                0x000000000000121c       0x44 _build/nrf52832_xxaa/nrf_drv_clock.c.o
                0x000000000000121c                nrf_drv_clock_init
 .text.nrf_drv_clock_lfclk_request
                0x0000000000001260       0x5c _build/nrf52832_xxaa/nrf_drv_clock.c.o
                0x0000000000001260                nrf_drv_clock_lfclk_request
 .text.nrfx_clock_init
                0x00000000000012bc       0x18 _build/nrf52832_xxaa/nrfx_clock.c.o
                0x00000000000012bc                nrfx_clock_init
 .text.nrfx_clock_enable
                0x00000000000012d4       0x24 _build/nrf52832_xxaa/nrfx_clock.c.o
                0x00000000000012d4                nrfx_clock_enable
 .text.nrfx_clock_lfclk_start
                0x00000000000012f8       0x60 _build/nrf52832_xxaa/nrfx_clock.c.o
                0x00000000000012f8                nrfx_clock_lfclk_start
 .text.POWER_CLOCK_IRQHandler
                0x0000000000001358       0x70 _build/nrf52832_xxaa/nrfx_clock.c.o
                0x0000000000001358                POWER_CLOCK_IRQHandler
 .text.nrfx_gpiote_init
                0x00000000000013c8       0xa8 _build/nrf52832_xxaa/nrfx_gpiote.c.o
                0x00000000000013c8                nrfx_gpiote_init
 .text.nrfx_gpiote_is_init
                0x0000000000001470       0x14 _build/nrf52832_xxaa/nrfx_gpiote.c.o
                0x0000000000001470                nrfx_gpiote_is_init
 .text.nrfx_gpiote_in_init
                0x0000000000001484      0x1e8 _build/nrf52832_xxaa/nrfx_gpiote.c.o
                0x0000000000001484                nrfx_gpiote_in_init
 .text.nrfx_gpiote_in_event_enable
                0x000000000000166c       0xc4 _build/nrf52832_xxaa/nrfx_gpiote.c.o
                0x000000000000166c                nrfx_gpiote_in_event_enable
 .text.nrfx_gpiote_in_is_set
                0x0000000000001730       0x14 _build/nrf52832_xxaa/nrfx_gpiote.c.o
                0x0000000000001730                nrfx_gpiote_in_is_set
 .text.GPIOTE_IRQHandler
                0x0000000000001744      0x444 _build/nrf52832_xxaa/nrfx_gpiote.c.o
                0x0000000000001744                GPIOTE_IRQHandler
 .text.WDT_IRQHandler
                0x0000000000001b88       0x2c _build/nrf52832_xxaa/nrfx_wdt.c.o
                0x0000000000001b88                WDT_IRQHandler
 .text.nrfx_wdt_init
                0x0000000000001bb4       0x58 _build/nrf52832_xxaa/nrfx_wdt.c.o
                0x0000000000001bb4                nrfx_wdt_init
 .text.nrfx_wdt_enable
                0x0000000000001c0c       0x1c _build/nrf52832_xxaa/nrfx_wdt.c.o
                0x0000000000001c0c                nrfx_wdt_enable
 .text.nrfx_wdt_channel_alloc
                0x0000000000001c28       0x4c _build/nrf52832_xxaa/nrfx_wdt.c.o
                0x0000000000001c28                nrfx_wdt_channel_alloc
 .text.nrfx_wdt_channel_feed
                0x0000000000001c74       0x18 _build/nrf52832_xxaa/nrfx_wdt.c.o
                0x0000000000001c74                nrfx_wdt_channel_feed
 .text.alert_timer_handler
                0x0000000000001c8c        0x8 _build/nrf52832_xxaa/bsp.c.o
 .text.bsp_button_event_handler
                0x0000000000001c94       0xa4 _build/nrf52832_xxaa/bsp.c.o
 .text.button_timer_handler
                0x0000000000001d38       0x30 _build/nrf52832_xxaa/bsp.c.o
 .text.bsp_led_indication
                0x0000000000001d68      0x300 _build/nrf52832_xxaa/bsp.c.o
 .text.leds_timer_handler
                0x0000000000002068       0x1c _build/nrf52832_xxaa/bsp.c.o
 .text.bsp_init
                0x0000000000002084       0xbc _build/nrf52832_xxaa/bsp.c.o
                0x0000000000002084                bsp_init
 .text.bsp_buttons_enable
                0x0000000000002140        0x4 _build/nrf52832_xxaa/bsp.c.o
                0x0000000000002140                bsp_buttons_enable
 .text.wdt_event_handler
                0x0000000000002144        0x4 _build/nrf52832_xxaa/main.c.o
                0x0000000000002144                wdt_event_handler
 .text.bsp_event_callback
                0x0000000000002148       0x14 _build/nrf52832_xxaa/main.c.o
                0x0000000000002148                bsp_event_callback
 .text.app_error_fault_handler
                0x000000000000215c        0x8 _build/nrf52832_xxaa/main.c.o
                0x000000000000215c                app_error_fault_handler
 .text.startup.main
                0x0000000000002164       0xb0 _build/nrf52832_xxaa/main.c.o
                0x0000000000002164                main
 .text.SystemInit
                0x0000000000002214      0x3d8 _build/nrf52832_xxaa/system_nrf52.c.o
                0x0000000000002214                SystemInit
 .text.exit     0x00000000000025ec       0x28 /usr/local/Cellar/arm-none-eabi-gcc/10.3-2021.07/gcc/bin/../lib/gcc/arm-none-eabi/10.3.1/../../../../arm-none-eabi/lib/thumb/v7e-m+fp/hard/libc_nano.a(lib_a-exit.o)
                0x00000000000025ec                exit
 .text.__libc_init_array
                0x0000000000002614       0x48 /usr/local/Cellar/arm-none-eabi-gcc/10.3-2021.07/gcc/bin/../lib/gcc/arm-none-eabi/10.3.1/../../../../arm-none-eabi/lib/thumb/v7e-m+fp/hard/libc_nano.a(lib_a-init.o)
                0x0000000000002614                __libc_init_array
 .text.memset   0x000000000000265c       0x10 /usr/local/Cellar/arm-none-eabi-gcc/10.3-2021.07/gcc/bin/../lib/gcc/arm-none-eabi/10.3.1/../../../../arm-none-eabi/lib/thumb/v7e-m+fp/hard/libc_nano.a(lib_a-memset.o)
                0x000000000000265c                memset
 .text._exit    0x000000000000266c        0x4 /usr/local/Cellar/arm-none-eabi-gcc/10.3-2021.07/gcc/bin/../lib/gcc/arm-none-eabi/10.3.1/../../../../arm-none-eabi/lib/thumb/v7e-m+fp/hard/libnosys.a(_exit.o)
                0x000000000000266c                _exit
 .text          0x0000000000002670       0x30 /usr/local/Cellar/arm-none-eabi-gcc/10.3-2021.07/gcc/bin/../lib/gcc/arm-none-eabi/10.3.1/thumb/v7e-m+fp/hard/libgcc.a(_aeabi_uldivmod.o)
                0x0000000000002670                __aeabi_uldivmod
 .text          0x00000000000026a0      0x2d0 /usr/local/Cellar/arm-none-eabi-gcc/10.3-2021.07/gcc/bin/../lib/gcc/arm-none-eabi/10.3.1/thumb/v7e-m+fp/hard/libgcc.a(_udivmoddi4.o)
                0x00000000000026a0                __udivmoddi4
 .text          0x0000000000002970        0x4 /usr/local/Cellar/arm-none-eabi-gcc/10.3-2021.07/gcc/bin/../lib/gcc/arm-none-eabi/10.3.1/thumb/v7e-m+fp/hard/libgcc.a(_dvmd_tls.o)
                0x0000000000002970                __aeabi_ldiv0
                0x0000000000002970                __aeabi_idiv0
 *(.init)
 .init          0x0000000000002974        0x4 /usr/local/Cellar/arm-none-eabi-gcc/10.3-2021.07/gcc/bin/../lib/gcc/arm-none-eabi/10.3.1/thumb/v7e-m+fp/hard/crti.o
                0x0000000000002974                _init
 .init          0x0000000000002978        0x8 /usr/local/Cellar/arm-none-eabi-gcc/10.3-2021.07/gcc/bin/../lib/gcc/arm-none-eabi/10.3.1/thumb/v7e-m+fp/hard/crtn.o
 *(.fini)
 .fini          0x0000000000002980        0x4 /usr/local/Cellar/arm-none-eabi-gcc/10.3-2021.07/gcc/bin/../lib/gcc/arm-none-eabi/10.3.1/thumb/v7e-m+fp/hard/crti.o
                0x0000000000002980                _fini
 .fini          0x0000000000002984        0x8 /usr/local/Cellar/arm-none-eabi-gcc/10.3-2021.07/gcc/bin/../lib/gcc/arm-none-eabi/10.3.1/thumb/v7e-m+fp/hard/crtn.o
 *crtbegin.o(.ctors)
 *crtbegin?.o(.ctors)
 *(EXCLUDE_FILE(*crtend.o *crtend?.o) .ctors)
 *(SORT_BY_NAME(.ctors.*))
 *(.ctors)
 *crtbegin.o(.dtors)
 *crtbegin?.o(.dtors)
 *(EXCLUDE_FILE(*crtend.o *crtend?.o) .dtors)
 *(SORT_BY_NAME(.dtors.*))
 *(.dtors)
 *(.rodata*)
 .rodata.m_board_led_list
                0x000000000000298c        0x4 _build/nrf52832_xxaa/boards.c.o
 .rodata.m_detection_delay_timer_id
                0x0000000000002990        0x4 _build/nrf52832_xxaa/app_button.c.o
 .rodata        0x0000000000002994        0x4 _build/nrf52832_xxaa/app_timer2.c.o
 .rodata.m_app_timer_sortlist
                0x0000000000002998        0xc _build/nrf52832_xxaa/app_timer2.c.o
 *fill*         0x00000000000029a4        0xc 
 .rodata.delay_machine_code.0
                0x00000000000029b0        0x6 _build/nrf52832_xxaa/drv_rtc.c.o
 *fill*         0x00000000000029b6        0x2 
 .rodata.app_buttons
                0x00000000000029b8       0x20 _build/nrf52832_xxaa/bsp.c.o
 .rodata.m_bsp_alert_tmr
                0x00000000000029d8        0x4 _build/nrf52832_xxaa/bsp.c.o
 .rodata.m_bsp_button_tmr
                0x00000000000029dc        0x4 _build/nrf52832_xxaa/bsp.c.o
 .rodata.m_bsp_leds_tmr
                0x00000000000029e0        0x4 _build/nrf52832_xxaa/bsp.c.o
 .rodata        0x00000000000029e4        0xc _build/nrf52832_xxaa/main.c.o
 .rodata.delay_machine_code.0
                0x00000000000029f0        0x6 _build/nrf52832_xxaa/main.c.o
 *fill*         0x00000000000029f6        0x2 
 .rodata.CSWTCH.15
                0x00000000000029f8        0x5 _build/nrf52832_xxaa/system_nrf52.c.o
 *fill*         0x00000000000029fd        0x3 
 .rodata.CSWTCH.19
                0x0000000000002a00        0x5 _build/nrf52832_xxaa/system_nrf52.c.o
 *fill*         0x0000000000002a05        0x3 
 .rodata.CSWTCH.21
                0x0000000000002a08        0x5 _build/nrf52832_xxaa/system_nrf52.c.o
 *fill*         0x0000000000002a0d        0x3 
 .rodata.CSWTCH.5
                0x0000000000002a10        0x5 _build/nrf52832_xxaa/system_nrf52.c.o
 *fill*         0x0000000000002a15        0x3 
 .rodata._global_impure_ptr
                0x0000000000002a18        0x4 /usr/local/Cellar/arm-none-eabi-gcc/10.3-2021.07/gcc/bin/../lib/gcc/arm-none-eabi/10.3.1/../../../../arm-none-eabi/lib/thumb/v7e-m+fp/hard/libc_nano.a(lib_a-impure.o)
                0x0000000000002a18                _global_impure_ptr
 *(.eh_frame*)
 .eh_frame      0x0000000000002a1c        0x0 /usr/local/Cellar/arm-none-eabi-gcc/10.3-2021.07/gcc/bin/../lib/gcc/arm-none-eabi/10.3.1/thumb/v7e-m+fp/hard/crtbegin.o
 .eh_frame      0x0000000000002a1c        0x4 /usr/local/Cellar/arm-none-eabi-gcc/10.3-2021.07/gcc/bin/../lib/gcc/arm-none-eabi/10.3.1/thumb/v7e-m+fp/hard/crtend.o

.glue_7         0x0000000000002a20        0x0
 .glue_7        0x0000000000002a20        0x0 linker stubs

.glue_7t        0x0000000000002a20        0x0
 .glue_7t       0x0000000000002a20        0x0 linker stubs

.vfp11_veneer   0x0000000000002a20        0x0
 .vfp11_veneer  0x0000000000002a20        0x0 linker stubs

.v4_bx          0x0000000000002a20        0x0
 .v4_bx         0x0000000000002a20        0x0 linker stubs

.iplt           0x0000000000002a20        0x0
 .iplt          0x0000000000002a20        0x0 /usr/local/Cellar/arm-none-eabi-gcc/10.3-2021.07/gcc/bin/../lib/gcc/arm-none-eabi/10.3.1/thumb/v7e-m+fp/hard/crtbegin.o

.mem_section_dummy_rom

.log_const_data
                0x0000000000002a20        0x0
                [!provide]                        PROVIDE (__start_log_const_data = .)
 *(SORT_BY_NAME(.log_const_data*))
                [!provide]                        PROVIDE (__stop_log_const_data = .)

.log_backends   0x0000000000002a20        0x0
                [!provide]                        PROVIDE (__start_log_backends = .)
 *(SORT_BY_NAME(.log_backends*))
                [!provide]                        PROVIDE (__stop_log_backends = .)

.nrf_balloc     0x0000000000002a20        0x0
                [!provide]                        PROVIDE (__start_nrf_balloc = .)
 *(.nrf_balloc)
                [!provide]                        PROVIDE (__stop_nrf_balloc = .)

.ARM.extab
 *(.ARM.extab* .gnu.linkonce.armextab.*)
                0x0000000000002a20                __exidx_start = .

.ARM.exidx      0x0000000000002a20        0x8
 *(.ARM.exidx* .gnu.linkonce.armexidx.*)
 .ARM.exidx     0x0000000000002a20        0x8 /usr/local/Cellar/arm-none-eabi-gcc/10.3-2021.07/gcc/bin/../lib/gcc/arm-none-eabi/10.3.1/../../../../arm-none-eabi/lib/thumb/v7e-m+fp/hard/crt0.o
                                         0x10 (size before relaxing)
 .ARM.exidx     0x0000000000002a28        0x0 /usr/local/Cellar/arm-none-eabi-gcc/10.3-2021.07/gcc/bin/../lib/gcc/arm-none-eabi/10.3.1/thumb/v7e-m+fp/hard/libgcc.a(_udivmoddi4.o)
                                          0x8 (size before relaxing)
                0x0000000000002a28                __exidx_end = .

.rel.dyn        0x0000000000002a28        0x0
 .rel.iplt      0x0000000000002a28        0x0 /usr/local/Cellar/arm-none-eabi-gcc/10.3-2021.07/gcc/bin/../lib/gcc/arm-none-eabi/10.3.1/thumb/v7e-m+fp/hard/crtbegin.o
                0x0000000000002a28                . = ALIGN (0x4)
                0x0000000000002a28                __etext = .

.data           0x0000000020000000       0xf4 load address 0x0000000000002a28
                0x0000000020000000                __data_start__ = .
 *(vtable)
 *(.data*)
 .data.m_detection_delay_timer_id_data
                0x0000000020000000       0x20 _build/nrf52832_xxaa/app_button.c.o
 .data.m_rtc_inst
                0x0000000020000020        0x8 _build/nrf52832_xxaa/app_timer2.c.o
 .data.m_bsp_alert_tmr_data
                0x0000000020000028       0x20 _build/nrf52832_xxaa/bsp.c.o
 .data.m_bsp_button_tmr_data
                0x0000000020000048       0x20 _build/nrf52832_xxaa/bsp.c.o
 .data.m_bsp_leds_tmr_data
                0x0000000020000068       0x20 _build/nrf52832_xxaa/bsp.c.o
 .data.SystemCoreClock
                0x0000000020000088        0x4 _build/nrf52832_xxaa/system_nrf52.c.o
                0x0000000020000088                SystemCoreClock
 .data.impure_data
                0x000000002000008c       0x60 /usr/local/Cellar/arm-none-eabi-gcc/10.3-2021.07/gcc/bin/../lib/gcc/arm-none-eabi/10.3.1/../../../../arm-none-eabi/lib/thumb/v7e-m+fp/hard/libc_nano.a(lib_a-impure.o)
                0x00000000200000ec                . = ALIGN (0x4)
                0x00000000200000ec                PROVIDE (__preinit_array_start = .)
 *(.preinit_array)
                0x00000000200000ec                PROVIDE (__preinit_array_end = .)
                0x00000000200000ec                . = ALIGN (0x4)
                0x00000000200000ec                PROVIDE (__init_array_start = .)
 *(SORT_BY_NAME(.init_array.*))
 *(.init_array)
 .init_array    0x00000000200000ec        0x4 /usr/local/Cellar/arm-none-eabi-gcc/10.3-2021.07/gcc/bin/../lib/gcc/arm-none-eabi/10.3.1/thumb/v7e-m+fp/hard/crtbegin.o
                0x00000000200000f0                PROVIDE (__init_array_end = .)
                0x00000000200000f0                . = ALIGN (0x4)
                [!provide]                        PROVIDE (__fini_array_start = .)
 *(SORT_BY_NAME(.fini_array.*))
 *(.fini_array)
 .fini_array    0x00000000200000f0        0x4 /usr/local/Cellar/arm-none-eabi-gcc/10.3-2021.07/gcc/bin/../lib/gcc/arm-none-eabi/10.3.1/thumb/v7e-m+fp/hard/crtbegin.o
                [!provide]                        PROVIDE (__fini_array_end = .)
 *(.jcr*)
                0x00000000200000f4                . = ALIGN (0x4)
                0x00000000200000f4                __data_end__ = .
LOAD /usr/local/Cellar/arm-none-eabi-gcc/10.3-2021.07/gcc/bin/../lib/gcc/arm-none-eabi/10.3.1/thumb/v7e-m+fp/hard/crti.o
LOAD /usr/local/Cellar/arm-none-eabi-gcc/10.3-2021.07/gcc/bin/../lib/gcc/arm-none-eabi/10.3.1/thumb/v7e-m+fp/hard/crtbegin.o
LOAD /usr/local/Cellar/arm-none-eabi-gcc/10.3-2021.07/gcc/bin/../lib/gcc/arm-none-eabi/10.3.1/../../../../arm-none-eabi/lib/thumb/v7e-m+fp/hard/crt0.o
LOAD _build/nrf52832_xxaa/gcc_startup_nrf52.S.o
LOAD _build/nrf52832_xxaa/nrf_log_frontend.c.o
LOAD _build/nrf52832_xxaa/nrf_log_str_formatter.c.o
LOAD _build/nrf52832_xxaa/boards.c.o
LOAD _build/nrf52832_xxaa/app_button.c.o
LOAD _build/nrf52832_xxaa/app_error.c.o
LOAD _build/nrf52832_xxaa/app_error_handler_gcc.c.o
LOAD _build/nrf52832_xxaa/app_error_weak.c.o
LOAD _build/nrf52832_xxaa/app_scheduler.c.o
LOAD _build/nrf52832_xxaa/app_timer2.c.o
LOAD _build/nrf52832_xxaa/app_util_platform.c.o
LOAD _build/nrf52832_xxaa/drv_rtc.c.o
LOAD _build/nrf52832_xxaa/nrf_assert.c.o
LOAD _build/nrf52832_xxaa/nrf_atfifo.c.o
LOAD _build/nrf52832_xxaa/nrf_atomic.c.o
LOAD _build/nrf52832_xxaa/nrf_balloc.c.o
LOAD _build/nrf52832_xxaa/nrf_fprintf.c.o
LOAD _build/nrf52832_xxaa/nrf_fprintf_format.c.o
LOAD _build/nrf52832_xxaa/nrf_memobj.c.o
LOAD _build/nrf52832_xxaa/nrf_ringbuf.c.o
LOAD _build/nrf52832_xxaa/nrf_sortlist.c.o
LOAD _build/nrf52832_xxaa/nrf_strerror.c.o
LOAD _build/nrf52832_xxaa/nrf_drv_clock.c.o
LOAD _build/nrf52832_xxaa/nrf_nvic.c.o
LOAD _build/nrf52832_xxaa/nrf_soc.c.o
LOAD _build/nrf52832_xxaa/nrfx_atomic.c.o
LOAD _build/nrf52832_xxaa/nrfx_clock.c.o
LOAD _build/nrf52832_xxaa/nrfx_gpiote.c.o
LOAD _build/nrf52832_xxaa/nrfx_wdt.c.o
LOAD _build/nrf52832_xxaa/bsp.c.o
LOAD _build/nrf52832_xxaa/main.c.o
LOAD _build/nrf52832_xxaa/system_nrf52.c.o
LOAD /usr/local/Cellar/arm-none-eabi-gcc/10.3-2021.07/gcc/bin/../lib/gcc/arm-none-eabi/10.3.1/../../../../arm-none-eabi/lib/thumb/v7e-m+fp/hard/libc_nano.a
LOAD /usr/local/Cellar/arm-none-eabi-gcc/10.3-2021.07/gcc/bin/../lib/gcc/arm-none-eabi/10.3.1/../../../../arm-none-eabi/lib/thumb/v7e-m+fp/hard/libnosys.a
LOAD /usr/local/Cellar/arm-none-eabi-gcc/10.3-2021.07/gcc/bin/../lib/gcc/arm-none-eabi/10.3.1/../../../../arm-none-eabi/lib/thumb/v7e-m+fp/hard/libm.a
START GROUP
LOAD /usr/local/Cellar/arm-none-eabi-gcc/10.3-2021.07/gcc/bin/../lib/gcc/arm-none-eabi/10.3.1/thumb/v7e-m+fp/hard/libgcc.a
LOAD /usr/local/Cellar/arm-none-eabi-gcc/10.3-2021.07/gcc/bin/../lib/gcc/arm-none-eabi/10.3.1/../../../../arm-none-eabi/lib/thumb/v7e-m+fp/hard/libg_nano.a
LOAD /usr/local/Cellar/arm-none-eabi-gcc/10.3-2021.07/gcc/bin/../lib/gcc/arm-none-eabi/10.3.1/../../../../arm-none-eabi/lib/thumb/v7e-m+fp/hard/libc_nano.a
END GROUP
START GROUP
LOAD /usr/local/Cellar/arm-none-eabi-gcc/10.3-2021.07/gcc/bin/../lib/gcc/arm-none-eabi/10.3.1/thumb/v7e-m+fp/hard/libgcc.a
LOAD /usr/local/Cellar/arm-none-eabi-gcc/10.3-2021.07/gcc/bin/../lib/gcc/arm-none-eabi/10.3.1/../../../../arm-none-eabi/lib/thumb/v7e-m+fp/hard/libc_nano.a
END GROUP
LOAD /usr/local/Cellar/arm-none-eabi-gcc/10.3-2021.07/gcc/bin/../lib/gcc/arm-none-eabi/10.3.1/thumb/v7e-m+fp/hard/crtend.o
LOAD /usr/local/Cellar/arm-none-eabi-gcc/10.3-2021.07/gcc/bin/../lib/gcc/arm-none-eabi/10.3.1/thumb/v7e-m+fp/hard/crtn.o
START GROUP
LOAD /usr/local/Cellar/arm-none-eabi-gcc/10.3-2021.07/gcc/bin/../lib/gcc/arm-none-eabi/10.3.1/thumb/v7e-m+fp/hard/libgcc.a
LOAD /usr/local/Cellar/arm-none-eabi-gcc/10.3-2021.07/gcc/bin/../lib/gcc/arm-none-eabi/10.3.1/../../../../arm-none-eabi/lib/thumb/v7e-m+fp/hard/libc.a
LOAD /usr/local/Cellar/arm-none-eabi-gcc/10.3-2021.07/gcc/bin/../lib/gcc/arm-none-eabi/10.3.1/../../../../arm-none-eabi/lib/thumb/v7e-m+fp/hard/libnosys.a
END GROUP

.igot.plt       0x00000000200000f4        0x0 load address 0x0000000000002b1c
 .igot.plt      0x00000000200000f4        0x0 /usr/local/Cellar/arm-none-eabi-gcc/10.3-2021.07/gcc/bin/../lib/gcc/arm-none-eabi/10.3.1/thumb/v7e-m+fp/hard/crtbegin.o
                0x00000000200000f4                . = ALIGN (0x4)

.mem_section_dummy_ram

.log_dynamic_data
                0x00000000200000f4        0x0
                [!provide]                        PROVIDE (__start_log_dynamic_data = .)
 *(SORT_BY_NAME(.log_dynamic_data*))
                [!provide]                        PROVIDE (__stop_log_dynamic_data = .)

.log_filter_data
                0x00000000200000f4        0x0
                [!provide]                        PROVIDE (__start_log_filter_data = .)
 *(SORT_BY_NAME(.log_filter_data*))
                [!provide]                        PROVIDE (__stop_log_filter_data = .)

.bss            0x00000000200000f8      0x184 load address 0x0000000000002b20
                0x00000000200000f8                . = ALIGN (0x4)
                0x00000000200000f8                __bss_start__ = .
 *(.bss*)
 .bss           0x00000000200000f8       0x1c /usr/local/Cellar/arm-none-eabi-gcc/10.3-2021.07/gcc/bin/../lib/gcc/arm-none-eabi/10.3.1/thumb/v7e-m+fp/hard/crtbegin.o
 .bss.m_button_count
                0x0000000020000114        0x1 _build/nrf52832_xxaa/app_button.c.o
 *fill*         0x0000000020000115        0x3 
 .bss.m_detection_delay
                0x0000000020000118        0x4 _build/nrf52832_xxaa/app_button.c.o
 *fill*         0x000000002000011c        0x4 
 .bss.m_pin_active
                0x0000000020000120        0x8 _build/nrf52832_xxaa/app_button.c.o
 .bss.m_pin_states
                0x0000000020000128       0x10 _build/nrf52832_xxaa/app_button.c.o
 .bss.mp_buttons
                0x0000000020000138        0x4 _build/nrf52832_xxaa/app_button.c.o
 .bss.m_app_timer_sortlist_sortlist_cb
                0x000000002000013c        0x4 _build/nrf52832_xxaa/app_timer2.c.o
 .bss.m_base_counter
                0x0000000020000140        0x8 _build/nrf52832_xxaa/app_timer2.c.o
 .bss.m_global_active
                0x0000000020000148        0x1 _build/nrf52832_xxaa/app_timer2.c.o
 *fill*         0x0000000020000149        0x3 
 .bss.m_req_fifo_data
                0x000000002000014c       0x58 _build/nrf52832_xxaa/app_timer2.c.o
 .bss.m_req_fifo_inst
                0x00000000200001a4       0x10 _build/nrf52832_xxaa/app_timer2.c.o
 *fill*         0x00000000200001b4        0x4 
 .bss.m_stamp64
                0x00000000200001b8        0x8 _build/nrf52832_xxaa/app_timer2.c.o
 .bss.mp_active_timer
                0x00000000200001c0        0x4 _build/nrf52832_xxaa/app_timer2.c.o
 .bss.m_in_critical_region
                0x00000000200001c4        0x4 _build/nrf52832_xxaa/app_util_platform.c.o
 .bss.m_cb      0x00000000200001c8        0x8 _build/nrf52832_xxaa/drv_rtc.c.o
 .bss.m_handlers
                0x00000000200001d0        0x4 _build/nrf52832_xxaa/drv_rtc.c.o
 .bss.m_clock_cb
                0x00000000200001d4       0x14 _build/nrf52832_xxaa/nrf_drv_clock.c.o
 .bss.m_clock_cb
                0x00000000200001e8        0x8 _build/nrf52832_xxaa/nrfx_clock.c.o
 .bss.m_cb      0x00000000200001f0       0x5c _build/nrf52832_xxaa/nrfx_gpiote.c.o
 .bss.m_alloc_index
                0x000000002000024c        0x1 _build/nrf52832_xxaa/nrfx_wdt.c.o
 .bss.m_state   0x000000002000024d        0x1 _build/nrf52832_xxaa/nrfx_wdt.c.o
 *fill*         0x000000002000024e        0x2 
 .bss.m_wdt_event_handler
                0x0000000020000250        0x4 _build/nrf52832_xxaa/nrfx_wdt.c.o
 .bss.current_long_push_pin_no.1
                0x0000000020000254        0x1 _build/nrf52832_xxaa/bsp.c.o
 .bss.m_alert_on
                0x0000000020000255        0x1 _build/nrf52832_xxaa/bsp.c.o
 *fill*         0x0000000020000256        0x2 
 .bss.m_events_list
                0x0000000020000258        0xc _build/nrf52832_xxaa/bsp.c.o
 .bss.m_indication_type
                0x0000000020000264        0x4 _build/nrf52832_xxaa/bsp.c.o
 .bss.m_leds_clear
                0x0000000020000268        0x1 _build/nrf52832_xxaa/bsp.c.o
 *fill*         0x0000000020000269        0x3 
 .bss.m_registered_callback
                0x000000002000026c        0x4 _build/nrf52832_xxaa/bsp.c.o
 .bss.m_stable_state
                0x0000000020000270        0x1 _build/nrf52832_xxaa/bsp.c.o
 *fill*         0x0000000020000271        0x3 
 .bss.release_event_at_push.0
                0x0000000020000274        0x4 _build/nrf52832_xxaa/bsp.c.o
 .bss.m_channel_id
                0x0000000020000278        0x1 _build/nrf52832_xxaa/main.c.o
                0x0000000020000278                m_channel_id
 *(COMMON)
                0x000000002000027c                . = ALIGN (0x4)
 *fill*         0x0000000020000279        0x3 
                0x000000002000027c                __bss_end__ = .

.heap           0x0000000020000280     0x2000
                0x0000000020000280                __HeapBase = .
                0x0000000020000280                __end__ = .
                [!provide]                        PROVIDE (end = .)
 *(.heap*)
 .heap          0x0000000020000280     0x2000 _build/nrf52832_xxaa/gcc_startup_nrf52.S.o
                0x0000000020002280                __HeapLimit = .

.stack_dummy    0x0000000020000280     0x2000
 *(.stack*)
 .stack         0x0000000020000280     0x2000 _build/nrf52832_xxaa/gcc_startup_nrf52.S.o
                0x0000000020010000                __StackTop = (ORIGIN (RAM) + LENGTH (RAM))
                0x000000002000e000                __StackLimit = (__StackTop - SIZEOF (.stack_dummy))
                0x0000000020010000                PROVIDE (__stack = __StackTop)
                0x0000000000000001                ASSERT ((__StackLimit >= __HeapLimit), region RAM overflowed with stack)
                0x00000000000000f8                DataInitFlashUsed = (__bss_start__ - __data_start__)
                0x0000000000002a28                CodeFlashUsed = (__etext - ORIGIN (FLASH))
                0x0000000000002b20                TotalFlashUsed = (CodeFlashUsed + DataInitFlashUsed)
                0x0000000000000001                ASSERT ((TotalFlashUsed <= LENGTH (FLASH)), region FLASH overflowed with .data and user data)
OUTPUT(_build/nrf52832_xxaa.out elf32-littlearm)
LOAD linker stubs

.ARM.attributes
                0x0000000000000000       0x30
 .ARM.attributes
                0x0000000000000000       0x1e /usr/local/Cellar/arm-none-eabi-gcc/10.3-2021.07/gcc/bin/../lib/gcc/arm-none-eabi/10.3.1/thumb/v7e-m+fp/hard/crti.o
 .ARM.attributes
                0x000000000000001e       0x34 /usr/local/Cellar/arm-none-eabi-gcc/10.3-2021.07/gcc/bin/../lib/gcc/arm-none-eabi/10.3.1/thumb/v7e-m+fp/hard/crtbegin.o
 .ARM.attributes
                0x0000000000000052       0x1c /usr/local/Cellar/arm-none-eabi-gcc/10.3-2021.07/gcc/bin/../lib/gcc/arm-none-eabi/10.3.1/../../../../arm-none-eabi/lib/thumb/v7e-m+fp/hard/crt0.o
 .ARM.attributes
                0x000000000000006e       0x20 _build/nrf52832_xxaa/gcc_startup_nrf52.S.o
 .ARM.attributes
                0x000000000000008e       0x34 _build/nrf52832_xxaa/boards.c.o
 .ARM.attributes
                0x00000000000000c2       0x34 _build/nrf52832_xxaa/app_button.c.o
 .ARM.attributes
                0x00000000000000f6       0x34 _build/nrf52832_xxaa/app_error.c.o
 .ARM.attributes
                0x000000000000012a       0x34 _build/nrf52832_xxaa/app_timer2.c.o
 .ARM.attributes
                0x000000000000015e       0x34 _build/nrf52832_xxaa/app_util_platform.c.o
 .ARM.attributes
                0x0000000000000192       0x34 _build/nrf52832_xxaa/drv_rtc.c.o
 .ARM.attributes
                0x00000000000001c6       0x34 _build/nrf52832_xxaa/nrf_atfifo.c.o
 .ARM.attributes
                0x00000000000001fa       0x34 _build/nrf52832_xxaa/nrf_sortlist.c.o
 .ARM.attributes
                0x000000000000022e       0x34 _build/nrf52832_xxaa/nrf_drv_clock.c.o
 .ARM.attributes
                0x0000000000000262       0x34 _build/nrf52832_xxaa/nrfx_clock.c.o
 .ARM.attributes
                0x0000000000000296       0x34 _build/nrf52832_xxaa/nrfx_gpiote.c.o
 .ARM.attributes
                0x00000000000002ca       0x34 _build/nrf52832_xxaa/nrfx_wdt.c.o
 .ARM.attributes
                0x00000000000002fe       0x34 _build/nrf52832_xxaa/bsp.c.o
 .ARM.attributes
                0x0000000000000332       0x34 _build/nrf52832_xxaa/main.c.o
 .ARM.attributes
                0x0000000000000366       0x34 _build/nrf52832_xxaa/system_nrf52.c.o
 .ARM.attributes
                0x000000000000039a       0x34 /usr/local/Cellar/arm-none-eabi-gcc/10.3-2021.07/gcc/bin/../lib/gcc/arm-none-eabi/10.3.1/../../../../arm-none-eabi/lib/thumb/v7e-m+fp/hard/libc_nano.a(lib_a-exit.o)
 .ARM.attributes
                0x00000000000003ce       0x32 /usr/local/Cellar/arm-none-eabi-gcc/10.3-2021.07/gcc/bin/../lib/gcc/arm-none-eabi/10.3.1/../../../../arm-none-eabi/lib/thumb/v7e-m+fp/hard/libc_nano.a(lib_a-impure.o)
 .ARM.attributes
                0x0000000000000400       0x34 /usr/local/Cellar/arm-none-eabi-gcc/10.3-2021.07/gcc/bin/../lib/gcc/arm-none-eabi/10.3.1/../../../../arm-none-eabi/lib/thumb/v7e-m+fp/hard/libc_nano.a(lib_a-init.o)
 .ARM.attributes
                0x0000000000000434       0x34 /usr/local/Cellar/arm-none-eabi-gcc/10.3-2021.07/gcc/bin/../lib/gcc/arm-none-eabi/10.3.1/../../../../arm-none-eabi/lib/thumb/v7e-m+fp/hard/libc_nano.a(lib_a-memset.o)
 .ARM.attributes
                0x0000000000000468       0x34 /usr/local/Cellar/arm-none-eabi-gcc/10.3-2021.07/gcc/bin/../lib/gcc/arm-none-eabi/10.3.1/../../../../arm-none-eabi/lib/thumb/v7e-m+fp/hard/libnosys.a(_exit.o)
 .ARM.attributes
                0x000000000000049c       0x1e /usr/local/Cellar/arm-none-eabi-gcc/10.3-2021.07/gcc/bin/../lib/gcc/arm-none-eabi/10.3.1/thumb/v7e-m+fp/hard/libgcc.a(_aeabi_uldivmod.o)
 .ARM.attributes
                0x00000000000004ba       0x34 /usr/local/Cellar/arm-none-eabi-gcc/10.3-2021.07/gcc/bin/../lib/gcc/arm-none-eabi/10.3.1/thumb/v7e-m+fp/hard/libgcc.a(_udivmoddi4.o)
 .ARM.attributes
                0x00000000000004ee       0x1e /usr/local/Cellar/arm-none-eabi-gcc/10.3-2021.07/gcc/bin/../lib/gcc/arm-none-eabi/10.3.1/thumb/v7e-m+fp/hard/libgcc.a(_dvmd_tls.o)
 .ARM.attributes
                0x000000000000050c       0x32 /usr/local/Cellar/arm-none-eabi-gcc/10.3-2021.07/gcc/bin/../lib/gcc/arm-none-eabi/10.3.1/thumb/v7e-m+fp/hard/crtend.o
 .ARM.attributes
                0x000000000000053e       0x1e /usr/local/Cellar/arm-none-eabi-gcc/10.3-2021.07/gcc/bin/../lib/gcc/arm-none-eabi/10.3.1/thumb/v7e-m+fp/hard/crtn.o

.comment        0x0000000000000000       0x49
 .comment       0x0000000000000000       0x49 _build/nrf52832_xxaa/boards.c.o
                                         0x4a (size before relaxing)
 .comment       0x0000000000000049       0x4a _build/nrf52832_xxaa/app_button.c.o
 .comment       0x0000000000000049       0x4a _build/nrf52832_xxaa/app_error.c.o
 .comment       0x0000000000000049       0x4a _build/nrf52832_xxaa/app_timer2.c.o
 .comment       0x0000000000000049       0x4a _build/nrf52832_xxaa/app_util_platform.c.o
 .comment       0x0000000000000049       0x4a _build/nrf52832_xxaa/drv_rtc.c.o
 .comment       0x0000000000000049       0x4a _build/nrf52832_xxaa/nrf_atfifo.c.o
 .comment       0x0000000000000049       0x4a _build/nrf52832_xxaa/nrf_sortlist.c.o
 .comment       0x0000000000000049       0x4a _build/nrf52832_xxaa/nrf_drv_clock.c.o
 .comment       0x0000000000000049       0x4a _build/nrf52832_xxaa/nrfx_clock.c.o
 .comment       0x0000000000000049       0x4a _build/nrf52832_xxaa/nrfx_gpiote.c.o
 .comment       0x0000000000000049       0x4a _build/nrf52832_xxaa/nrfx_wdt.c.o
 .comment       0x0000000000000049       0x4a _build/nrf52832_xxaa/bsp.c.o
 .comment       0x0000000000000049       0x4a _build/nrf52832_xxaa/main.c.o
 .comment       0x0000000000000049       0x4a _build/nrf52832_xxaa/system_nrf52.c.o

.debug_line     0x0000000000000000     0xe924
 .debug_line    0x0000000000000000       0x86 _build/nrf52832_xxaa/gcc_startup_nrf52.S.o
 .debug_line    0x0000000000000086     0x106c _build/nrf52832_xxaa/boards.c.o
 .debug_line    0x00000000000010f2     0x1242 _build/nrf52832_xxaa/app_button.c.o
 .debug_line    0x0000000000002334      0x5ad _build/nrf52832_xxaa/app_error.c.o
 .debug_line    0x00000000000028e1     0x1226 _build/nrf52832_xxaa/app_timer2.c.o
 .debug_line    0x0000000000003b07      0x679 _build/nrf52832_xxaa/app_util_platform.c.o
 .debug_line    0x0000000000004180     0x144e _build/nrf52832_xxaa/drv_rtc.c.o
 .debug_line    0x00000000000055ce      0xa48 _build/nrf52832_xxaa/nrf_atfifo.c.o
 .debug_line    0x0000000000006016      0x74a _build/nrf52832_xxaa/nrf_sortlist.c.o
 .debug_line    0x0000000000006760      0xdb1 _build/nrf52832_xxaa/nrf_drv_clock.c.o
 .debug_line    0x0000000000007511     0x1090 _build/nrf52832_xxaa/nrfx_clock.c.o
 .debug_line    0x00000000000085a1     0x2d36 _build/nrf52832_xxaa/nrfx_gpiote.c.o
 .debug_line    0x000000000000b2d7      0xd41 _build/nrf52832_xxaa/nrfx_wdt.c.o
 .debug_line    0x000000000000c018     0x1212 _build/nrf52832_xxaa/bsp.c.o
 .debug_line    0x000000000000d22a      0xc61 _build/nrf52832_xxaa/main.c.o
 .debug_line    0x000000000000de8b      0xa99 _build/nrf52832_xxaa/system_nrf52.c.o

.debug_info     0x0000000000000000    0x112dc
 .debug_info    0x0000000000000000       0x26 _build/nrf52832_xxaa/gcc_startup_nrf52.S.o
 .debug_info    0x0000000000000026      0xddc _build/nrf52832_xxaa/boards.c.o
 .debug_info    0x0000000000000e02     0x124b _build/nrf52832_xxaa/app_button.c.o
 .debug_info    0x000000000000204d      0x2c3 _build/nrf52832_xxaa/app_error.c.o
 .debug_info    0x0000000000002310     0x1986 _build/nrf52832_xxaa/app_timer2.c.o
 .debug_info    0x0000000000003c96      0x808 _build/nrf52832_xxaa/app_util_platform.c.o
 .debug_info    0x000000000000449e     0x20bc _build/nrf52832_xxaa/drv_rtc.c.o
 .debug_info    0x000000000000655a      0xb5d _build/nrf52832_xxaa/nrf_atfifo.c.o
 .debug_info    0x00000000000070b7      0x31d _build/nrf52832_xxaa/nrf_sortlist.c.o
 .debug_info    0x00000000000073d4      0xe16 _build/nrf52832_xxaa/nrf_drv_clock.c.o
 .debug_info    0x00000000000081ea     0x1586 _build/nrf52832_xxaa/nrfx_clock.c.o
 .debug_info    0x0000000000009770     0x39e8 _build/nrf52832_xxaa/nrfx_gpiote.c.o
 .debug_info    0x000000000000d158      0xdad _build/nrf52832_xxaa/nrfx_wdt.c.o
 .debug_info    0x000000000000df05     0x1583 _build/nrf52832_xxaa/bsp.c.o
 .debug_info    0x000000000000f488      0x753 _build/nrf52832_xxaa/main.c.o
 .debug_info    0x000000000000fbdb     0x1701 _build/nrf52832_xxaa/system_nrf52.c.o

.debug_abbrev   0x0000000000000000     0x3243
 .debug_abbrev  0x0000000000000000       0x14 _build/nrf52832_xxaa/gcc_startup_nrf52.S.o
 .debug_abbrev  0x0000000000000014      0x2df _build/nrf52832_xxaa/boards.c.o
 .debug_abbrev  0x00000000000002f3      0x323 _build/nrf52832_xxaa/app_button.c.o
 .debug_abbrev  0x0000000000000616      0x13b _build/nrf52832_xxaa/app_error.c.o
 .debug_abbrev  0x0000000000000751      0x4c0 _build/nrf52832_xxaa/app_timer2.c.o
 .debug_abbrev  0x0000000000000c11      0x260 _build/nrf52832_xxaa/app_util_platform.c.o
 .debug_abbrev  0x0000000000000e71      0x4c3 _build/nrf52832_xxaa/drv_rtc.c.o
 .debug_abbrev  0x0000000000001334      0x287 _build/nrf52832_xxaa/nrf_atfifo.c.o
 .debug_abbrev  0x00000000000015bb      0x145 _build/nrf52832_xxaa/nrf_sortlist.c.o
 .debug_abbrev  0x0000000000001700      0x437 _build/nrf52832_xxaa/nrf_drv_clock.c.o
 .debug_abbrev  0x0000000000001b37      0x473 _build/nrf52832_xxaa/nrfx_clock.c.o
 .debug_abbrev  0x0000000000001faa      0x50a _build/nrf52832_xxaa/nrfx_gpiote.c.o
 .debug_abbrev  0x00000000000024b4      0x30f _build/nrf52832_xxaa/nrfx_wdt.c.o
 .debug_abbrev  0x00000000000027c3      0x46b _build/nrf52832_xxaa/bsp.c.o
 .debug_abbrev  0x0000000000002c2e      0x2ed _build/nrf52832_xxaa/main.c.o
 .debug_abbrev  0x0000000000002f1b      0x328 _build/nrf52832_xxaa/system_nrf52.c.o

.debug_aranges  0x0000000000000000      0x638
 .debug_aranges
                0x0000000000000000       0x20 _build/nrf52832_xxaa/gcc_startup_nrf52.S.o
 .debug_aranges
                0x0000000000000020       0x78 _build/nrf52832_xxaa/boards.c.o
 .debug_aranges
                0x0000000000000098       0x50 _build/nrf52832_xxaa/app_button.c.o
 .debug_aranges
                0x00000000000000e8       0x28 _build/nrf52832_xxaa/app_error.c.o
 .debug_aranges
                0x0000000000000110       0x70 _build/nrf52832_xxaa/app_timer2.c.o
 .debug_aranges
                0x0000000000000180       0x48 _build/nrf52832_xxaa/app_util_platform.c.o
 .debug_aranges
                0x00000000000001c8       0xb0 _build/nrf52832_xxaa/drv_rtc.c.o
 .debug_aranges
                0x0000000000000278       0x58 _build/nrf52832_xxaa/nrf_atfifo.c.o
 .debug_aranges
                0x00000000000002d0       0x40 _build/nrf52832_xxaa/nrf_sortlist.c.o
 .debug_aranges
                0x0000000000000310       0x80 _build/nrf52832_xxaa/nrf_drv_clock.c.o
 .debug_aranges
                0x0000000000000390       0x78 _build/nrf52832_xxaa/nrfx_clock.c.o
 .debug_aranges
                0x0000000000000408       0xf8 _build/nrf52832_xxaa/nrfx_gpiote.c.o
 .debug_aranges
                0x0000000000000500       0x48 _build/nrf52832_xxaa/nrfx_wdt.c.o
 .debug_aranges
                0x0000000000000548       0x80 _build/nrf52832_xxaa/bsp.c.o
 .debug_aranges
                0x00000000000005c8       0x38 _build/nrf52832_xxaa/main.c.o
 .debug_aranges
                0x0000000000000600       0x38 _build/nrf52832_xxaa/system_nrf52.c.o

.debug_str      0x0000000000000000    0x80fa9
 .debug_str     0x0000000000000000       0xa8 _build/nrf52832_xxaa/gcc_startup_nrf52.S.o
 .debug_str     0x00000000000000a8    0x6f38b _build/nrf52832_xxaa/boards.c.o
                                      0x70370 (size before relaxing)
 .debug_str     0x000000000006f433     0x4505 _build/nrf52832_xxaa/app_button.c.o
                                      0x734a2 (size before relaxing)
 .debug_str     0x0000000000073938      0x116 _build/nrf52832_xxaa/app_error.c.o
                                      0x62502 (size before relaxing)
 .debug_str     0x0000000000073a4e     0x115a _build/nrf52832_xxaa/app_timer2.c.o
                                      0x73202 (size before relaxing)
 .debug_str     0x0000000000074ba8      0x252 _build/nrf52832_xxaa/app_util_platform.c.o
                                      0x62d2c (size before relaxing)
 .debug_str     0x0000000000074dfa      0x7c1 _build/nrf52832_xxaa/drv_rtc.c.o
                                      0x72ac9 (size before relaxing)
 .debug_str     0x00000000000755bb      0x182 _build/nrf52832_xxaa/nrf_atfifo.c.o
                                      0x6e6fa (size before relaxing)
 .debug_str     0x000000000007573d       0x7d _build/nrf52832_xxaa/nrf_sortlist.c.o
                                      0x6e32b (size before relaxing)
 .debug_str     0x00000000000757ba      0x9b0 _build/nrf52832_xxaa/nrf_drv_clock.c.o
                                      0x723a7 (size before relaxing)
 .debug_str     0x000000000007616a      0x82e _build/nrf52832_xxaa/nrfx_clock.c.o
                                      0x72a81 (size before relaxing)
 .debug_str     0x0000000000076998      0xd87 _build/nrf52832_xxaa/nrfx_gpiote.c.o
                                      0x73d8e (size before relaxing)
 .debug_str     0x000000000007771f      0x3e3 _build/nrf52832_xxaa/nrfx_wdt.c.o
                                      0x725e8 (size before relaxing)
 .debug_str     0x0000000000077b02      0xfdf _build/nrf52832_xxaa/bsp.c.o
                                      0x72035 (size before relaxing)
 .debug_str     0x0000000000078ae1      0x245 _build/nrf52832_xxaa/main.c.o
                                      0x71895 (size before relaxing)
 .debug_str     0x0000000000078d26     0x8283 _build/nrf52832_xxaa/system_nrf52.c.o
                                      0x66de1 (size before relaxing)

.debug_loc      0x0000000000000000     0x9790
 .debug_loc     0x0000000000000000      0xd67 _build/nrf52832_xxaa/boards.c.o
 .debug_loc     0x0000000000000d67      0xdeb _build/nrf52832_xxaa/app_button.c.o
 .debug_loc     0x0000000000001b52       0xc8 _build/nrf52832_xxaa/app_error.c.o
 .debug_loc     0x0000000000001c1a      0xae4 _build/nrf52832_xxaa/app_timer2.c.o
 .debug_loc     0x00000000000026fe      0x11a _build/nrf52832_xxaa/app_util_platform.c.o
 .debug_loc     0x0000000000002818     0x13b9 _build/nrf52832_xxaa/drv_rtc.c.o
 .debug_loc     0x0000000000003bd1      0x716 _build/nrf52832_xxaa/nrf_atfifo.c.o
 .debug_loc     0x00000000000042e7      0x173 _build/nrf52832_xxaa/nrf_sortlist.c.o
 .debug_loc     0x000000000000445a      0x360 _build/nrf52832_xxaa/nrf_drv_clock.c.o
 .debug_loc     0x00000000000047ba      0x3f9 _build/nrf52832_xxaa/nrfx_clock.c.o
 .debug_loc     0x0000000000004bb3     0x339b _build/nrf52832_xxaa/nrfx_gpiote.c.o
 .debug_loc     0x0000000000007f4e      0x43b _build/nrf52832_xxaa/nrfx_wdt.c.o
 .debug_loc     0x0000000000008389      0xde3 _build/nrf52832_xxaa/bsp.c.o
 .debug_loc     0x000000000000916c      0x2db _build/nrf52832_xxaa/main.c.o
 .debug_loc     0x0000000000009447      0x349 _build/nrf52832_xxaa/system_nrf52.c.o

.debug_ranges   0x0000000000000000     0x34e8
 .debug_ranges  0x0000000000000000      0x928 _build/nrf52832_xxaa/boards.c.o
 .debug_ranges  0x0000000000000928      0x4f8 _build/nrf52832_xxaa/app_button.c.o
 .debug_ranges  0x0000000000000e20       0x18 _build/nrf52832_xxaa/app_error.c.o
 .debug_ranges  0x0000000000000e38      0x298 _build/nrf52832_xxaa/app_timer2.c.o
 .debug_ranges  0x00000000000010d0       0x38 _build/nrf52832_xxaa/app_util_platform.c.o
 .debug_ranges  0x0000000000001108      0x388 _build/nrf52832_xxaa/drv_rtc.c.o
 .debug_ranges  0x0000000000001490      0x1a8 _build/nrf52832_xxaa/nrf_atfifo.c.o
 .debug_ranges  0x0000000000001638       0x30 _build/nrf52832_xxaa/nrf_sortlist.c.o
 .debug_ranges  0x0000000000001668      0x178 _build/nrf52832_xxaa/nrf_drv_clock.c.o
 .debug_ranges  0x00000000000017e0      0x300 _build/nrf52832_xxaa/nrfx_clock.c.o
 .debug_ranges  0x0000000000001ae0     0x1368 _build/nrf52832_xxaa/nrfx_gpiote.c.o
 .debug_ranges  0x0000000000002e48      0x178 _build/nrf52832_xxaa/nrfx_wdt.c.o
 .debug_ranges  0x0000000000002fc0      0x290 _build/nrf52832_xxaa/bsp.c.o
 .debug_ranges  0x0000000000003250      0x110 _build/nrf52832_xxaa/main.c.o
 .debug_ranges  0x0000000000003360      0x188 _build/nrf52832_xxaa/system_nrf52.c.o

.debug_macro    0x0000000000000000     0x61fd
 .debug_macro   0x0000000000000000      0x33e _build/nrf52832_xxaa/boards.c.o
 .debug_macro   0x000000000000033e       0xfb _build/nrf52832_xxaa/boards.c.o
 .debug_macro   0x0000000000000439       0x40 _build/nrf52832_xxaa/boards.c.o
 .debug_macro   0x0000000000000479      0x3dc _build/nrf52832_xxaa/boards.c.o
 .debug_macro   0x0000000000000855       0x59 _build/nrf52832_xxaa/boards.c.o
 .debug_macro   0x00000000000008ae      0x145 _build/nrf52832_xxaa/boards.c.o
 .debug_macro   0x00000000000009f3      0x131 _build/nrf52832_xxaa/boards.c.o
 .debug_macro   0x0000000000000b24       0x3f _build/nrf52832_xxaa/boards.c.o
 .debug_macro   0x0000000000000b63       0x16 _build/nrf52832_xxaa/boards.c.o
 .debug_macro   0x0000000000000b79       0x10 _build/nrf52832_xxaa/boards.c.o
 .debug_macro   0x0000000000000b89       0xbe _build/nrf52832_xxaa/boards.c.o
 .debug_macro   0x0000000000000c47       0x16 _build/nrf52832_xxaa/boards.c.o
 .debug_macro   0x0000000000000c5d      0x129 _build/nrf52832_xxaa/boards.c.o
 .debug_macro   0x0000000000000d86       0x49 _build/nrf52832_xxaa/boards.c.o
 .debug_macro   0x0000000000000dcf       0x8c _build/nrf52832_xxaa/boards.c.o
 .debug_macro   0x0000000000000e5b       0x19 _build/nrf52832_xxaa/boards.c.o
 .debug_macro   0x0000000000000e74       0x1d _build/nrf52832_xxaa/boards.c.o
 .debug_macro   0x0000000000000e91       0x35 _build/nrf52832_xxaa/boards.c.o
 .debug_macro   0x0000000000000ec6       0x7b _build/nrf52832_xxaa/boards.c.o
 .debug_macro   0x0000000000000f41       0x64 _build/nrf52832_xxaa/boards.c.o
 .debug_macro   0x0000000000000fa5       0x20 _build/nrf52832_xxaa/boards.c.o
 .debug_macro   0x0000000000000fc5       0x1c _build/nrf52832_xxaa/boards.c.o
 .debug_macro   0x0000000000000fe1      0x25a _build/nrf52832_xxaa/boards.c.o
 .debug_macro   0x000000000000123b      0x16d _build/nrf52832_xxaa/boards.c.o
 .debug_macro   0x00000000000013a8      0x418 _build/nrf52832_xxaa/app_button.c.o
 .debug_macro   0x00000000000017c0       0x1c _build/nrf52832_xxaa/app_button.c.o
 .debug_macro   0x00000000000017dc       0x1c _build/nrf52832_xxaa/app_button.c.o
 .debug_macro   0x00000000000017f8       0x37 _build/nrf52832_xxaa/app_button.c.o
 .debug_macro   0x000000000000182f       0x55 _build/nrf52832_xxaa/app_button.c.o
 .debug_macro   0x0000000000001884       0x16 _build/nrf52832_xxaa/app_button.c.o
 .debug_macro   0x000000000000189a       0x42 _build/nrf52832_xxaa/app_button.c.o
 .debug_macro   0x00000000000018dc       0x17 _build/nrf52832_xxaa/app_button.c.o
 .debug_macro   0x00000000000018f3       0x45 _build/nrf52832_xxaa/app_button.c.o
 .debug_macro   0x0000000000001938       0xcc _build/nrf52832_xxaa/app_button.c.o
 .debug_macro   0x0000000000001a04       0x16 _build/nrf52832_xxaa/app_button.c.o
 .debug_macro   0x0000000000001a1a      0x179 _build/nrf52832_xxaa/app_button.c.o
 .debug_macro   0x0000000000001b93       0x9a _build/nrf52832_xxaa/app_button.c.o
 .debug_macro   0x0000000000001c2d      0x21d _build/nrf52832_xxaa/app_error.c.o
 .debug_macro   0x0000000000001e4a       0x97 _build/nrf52832_xxaa/app_error.c.o
 .debug_macro   0x0000000000001ee1       0xf6 _build/nrf52832_xxaa/app_error.c.o
 .debug_macro   0x0000000000001fd7      0x403 _build/nrf52832_xxaa/app_timer2.c.o
 .debug_macro   0x00000000000023da       0x27 _build/nrf52832_xxaa/app_timer2.c.o
 .debug_macro   0x0000000000002401       0x45 _build/nrf52832_xxaa/app_timer2.c.o
 .debug_macro   0x0000000000002446       0xac _build/nrf52832_xxaa/app_timer2.c.o
 .debug_macro   0x00000000000024f2       0x5b _build/nrf52832_xxaa/app_timer2.c.o
 .debug_macro   0x000000000000254d       0x10 _build/nrf52832_xxaa/app_timer2.c.o
 .debug_macro   0x000000000000255d       0x2e _build/nrf52832_xxaa/app_timer2.c.o
 .debug_macro   0x000000000000258b       0x28 _build/nrf52832_xxaa/app_timer2.c.o
 .debug_macro   0x00000000000025b3      0x239 _build/nrf52832_xxaa/app_util_platform.c.o
 .debug_macro   0x00000000000027ec      0x3e9 _build/nrf52832_xxaa/drv_rtc.c.o
 .debug_macro   0x0000000000002bd5       0x10 _build/nrf52832_xxaa/drv_rtc.c.o
 .debug_macro   0x0000000000002be5      0x28b _build/nrf52832_xxaa/nrf_atfifo.c.o
 .debug_macro   0x0000000000002e70       0x5e _build/nrf52832_xxaa/nrf_atfifo.c.o
 .debug_macro   0x0000000000002ece       0x5c _build/nrf52832_xxaa/nrf_atfifo.c.o
 .debug_macro   0x0000000000002f2a       0x57 _build/nrf52832_xxaa/nrf_atfifo.c.o
 .debug_macro   0x0000000000002f81      0x285 _build/nrf52832_xxaa/nrf_sortlist.c.o
 .debug_macro   0x0000000000003206      0x408 _build/nrf52832_xxaa/nrf_drv_clock.c.o
 .debug_macro   0x000000000000360e       0x16 _build/nrf52832_xxaa/nrf_drv_clock.c.o
 .debug_macro   0x0000000000003624       0x10 _build/nrf52832_xxaa/nrf_drv_clock.c.o
 .debug_macro   0x0000000000003634       0x16 _build/nrf52832_xxaa/nrf_drv_clock.c.o
 .debug_macro   0x000000000000364a      0x3e9 _build/nrf52832_xxaa/nrfx_clock.c.o
 .debug_macro   0x0000000000003a33       0x1c _build/nrf52832_xxaa/nrfx_clock.c.o
 .debug_macro   0x0000000000003a4f       0x42 _build/nrf52832_xxaa/nrfx_clock.c.o
 .debug_macro   0x0000000000003a91      0x41b _build/nrf52832_xxaa/nrfx_gpiote.c.o
 .debug_macro   0x0000000000003eac       0x22 _build/nrf52832_xxaa/nrfx_gpiote.c.o
 .debug_macro   0x0000000000003ece       0x16 _build/nrf52832_xxaa/nrfx_gpiote.c.o
 .debug_macro   0x0000000000003ee4      0x3c7 _build/nrf52832_xxaa/nrfx_wdt.c.o
 .debug_macro   0x00000000000042ab       0x10 _build/nrf52832_xxaa/nrfx_wdt.c.o
 .debug_macro   0x00000000000042bb      0x3ab _build/nrf52832_xxaa/bsp.c.o
 .debug_macro   0x0000000000004666       0x1c _build/nrf52832_xxaa/bsp.c.o
 .debug_macro   0x0000000000004682      0x100 _build/nrf52832_xxaa/bsp.c.o
 .debug_macro   0x0000000000004782      0x3f6 _build/nrf52832_xxaa/main.c.o
 .debug_macro   0x0000000000004b78       0x3a _build/nrf52832_xxaa/main.c.o
 .debug_macro   0x0000000000004bb2      0x151 _build/nrf52832_xxaa/system_nrf52.c.o
 .debug_macro   0x0000000000004d03      0x44e _build/nrf52832_xxaa/system_nrf52.c.o
 .debug_macro   0x0000000000005151      0xa28 _build/nrf52832_xxaa/system_nrf52.c.o
 .debug_macro   0x0000000000005b79      0x520 _build/nrf52832_xxaa/system_nrf52.c.o
 .debug_macro   0x0000000000006099      0x164 _build/nrf52832_xxaa/system_nrf52.c.o

.debug_frame    0x0000000000000000     0x10ac
 .debug_frame   0x0000000000000000       0xf4 _build/nrf52832_xxaa/boards.c.o
 .debug_frame   0x00000000000000f4      0x150 _build/nrf52832_xxaa/app_button.c.o
 .debug_frame   0x0000000000000244       0x4c _build/nrf52832_xxaa/app_error.c.o
 .debug_frame   0x0000000000000290      0x194 _build/nrf52832_xxaa/app_timer2.c.o
 .debug_frame   0x0000000000000424       0x70 _build/nrf52832_xxaa/app_util_platform.c.o
 .debug_frame   0x0000000000000494      0x1b0 _build/nrf52832_xxaa/drv_rtc.c.o
 .debug_frame   0x0000000000000644      0x12c _build/nrf52832_xxaa/nrf_atfifo.c.o
 .debug_frame   0x0000000000000770       0x6c _build/nrf52832_xxaa/nrf_sortlist.c.o
 .debug_frame   0x00000000000007dc      0x168 _build/nrf52832_xxaa/nrf_drv_clock.c.o
 .debug_frame   0x0000000000000944      0x128 _build/nrf52832_xxaa/nrfx_clock.c.o
 .debug_frame   0x0000000000000a6c      0x278 _build/nrf52832_xxaa/nrfx_gpiote.c.o
 .debug_frame   0x0000000000000ce4       0x94 _build/nrf52832_xxaa/nrfx_wdt.c.o
 .debug_frame   0x0000000000000d78      0x178 _build/nrf52832_xxaa/bsp.c.o
 .debug_frame   0x0000000000000ef0       0x68 _build/nrf52832_xxaa/main.c.o
 .debug_frame   0x0000000000000f58       0x60 _build/nrf52832_xxaa/system_nrf52.c.o
 .debug_frame   0x0000000000000fb8       0x28 /usr/local/Cellar/arm-none-eabi-gcc/10.3-2021.07/gcc/bin/../lib/gcc/arm-none-eabi/10.3.1/../../../../arm-none-eabi/lib/thumb/v7e-m+fp/hard/libc_nano.a(lib_a-exit.o)
 .debug_frame   0x0000000000000fe0       0x2c /usr/local/Cellar/arm-none-eabi-gcc/10.3-2021.07/gcc/bin/../lib/gcc/arm-none-eabi/10.3.1/../../../../arm-none-eabi/lib/thumb/v7e-m+fp/hard/libc_nano.a(lib_a-init.o)
 .debug_frame   0x000000000000100c       0x20 /usr/local/Cellar/arm-none-eabi-gcc/10.3-2021.07/gcc/bin/../lib/gcc/arm-none-eabi/10.3.1/../../../../arm-none-eabi/lib/thumb/v7e-m+fp/hard/libc_nano.a(lib_a-memset.o)
 .debug_frame   0x000000000000102c       0x20 /usr/local/Cellar/arm-none-eabi-gcc/10.3-2021.07/gcc/bin/../lib/gcc/arm-none-eabi/10.3.1/../../../../arm-none-eabi/lib/thumb/v7e-m+fp/hard/libnosys.a(_exit.o)
 .debug_frame   0x000000000000104c       0x2c /usr/local/Cellar/arm-none-eabi-gcc/10.3-2021.07/gcc/bin/../lib/gcc/arm-none-eabi/10.3.1/thumb/v7e-m+fp/hard/libgcc.a(_aeabi_uldivmod.o)
 .debug_frame   0x0000000000001078       0x34 /usr/local/Cellar/arm-none-eabi-gcc/10.3-2021.07/gcc/bin/../lib/gcc/arm-none-eabi/10.3.1/thumb/v7e-m+fp/hard/libgcc.a(_udivmoddi4.o)
