Archive member included to satisfy reference by file (symbol)

/usr/local/Cellar/arm-none-eabi-gcc/10.3-2021.07/gcc/bin/../lib/gcc/arm-none-eabi/10.3.1/../../../../arm-none-eabi/lib/thumb/v7e-m+fp/hard/libc_nano.a(lib_a-exit.o)
                              /usr/local/Cellar/arm-none-eabi-gcc/10.3-2021.07/gcc/bin/../lib/gcc/arm-none-eabi/10.3.1/../../../../arm-none-eabi/lib/thumb/v7e-m+fp/hard/crt0.o (exit)
/usr/local/Cellar/arm-none-eabi-gcc/10.3-2021.07/gcc/bin/../lib/gcc/arm-none-eabi/10.3.1/../../../../arm-none-eabi/lib/thumb/v7e-m+fp/hard/libc_nano.a(lib_a-impure.o)
                              /usr/local/Cellar/arm-none-eabi-gcc/10.3-2021.07/gcc/bin/../lib/gcc/arm-none-eabi/10.3.1/../../../../arm-none-eabi/lib/thumb/v7e-m+fp/hard/libc_nano.a(lib_a-exit.o) (_global_impure_ptr)
/usr/local/Cellar/arm-none-eabi-gcc/10.3-2021.07/gcc/bin/../lib/gcc/arm-none-eabi/10.3.1/../../../../arm-none-eabi/lib/thumb/v7e-m+fp/hard/libc_nano.a(lib_a-init.o)
                              /usr/local/Cellar/arm-none-eabi-gcc/10.3-2021.07/gcc/bin/../lib/gcc/arm-none-eabi/10.3.1/../../../../arm-none-eabi/lib/thumb/v7e-m+fp/hard/crt0.o (__libc_init_array)
/usr/local/Cellar/arm-none-eabi-gcc/10.3-2021.07/gcc/bin/../lib/gcc/arm-none-eabi/10.3.1/../../../../arm-none-eabi/lib/thumb/v7e-m+fp/hard/libc_nano.a(lib_a-memcpy-stub.o)
                              _build/nrf52832_xxaa/nrf_memobj.c.o (memcpy)
/usr/local/Cellar/arm-none-eabi-gcc/10.3-2021.07/gcc/bin/../lib/gcc/arm-none-eabi/10.3.1/../../../../arm-none-eabi/lib/thumb/v7e-m+fp/hard/libc_nano.a(lib_a-memset.o)
                              /usr/local/Cellar/arm-none-eabi-gcc/10.3-2021.07/gcc/bin/../lib/gcc/arm-none-eabi/10.3.1/../../../../arm-none-eabi/lib/thumb/v7e-m+fp/hard/crt0.o (memset)
/usr/local/Cellar/arm-none-eabi-gcc/10.3-2021.07/gcc/bin/../lib/gcc/arm-none-eabi/10.3.1/../../../../arm-none-eabi/lib/thumb/v7e-m+fp/hard/libc_nano.a(lib_a-strlen.o)
                              _build/nrf52832_xxaa/nrf_fprintf_format.c.o (strlen)
/usr/local/Cellar/arm-none-eabi-gcc/10.3-2021.07/gcc/bin/../lib/gcc/arm-none-eabi/10.3.1/../../../../arm-none-eabi/lib/thumb/v7e-m+fp/hard/libnosys.a(_exit.o)
                              /usr/local/Cellar/arm-none-eabi-gcc/10.3-2021.07/gcc/bin/../lib/gcc/arm-none-eabi/10.3.1/../../../../arm-none-eabi/lib/thumb/v7e-m+fp/hard/libc_nano.a(lib_a-exit.o) (_exit)

Discarded input sections

 .text          0x0000000000000000        0x0 /usr/local/Cellar/arm-none-eabi-gcc/10.3-2021.07/gcc/bin/../lib/gcc/arm-none-eabi/10.3.1/thumb/v7e-m+fp/hard/crti.o
 .data          0x0000000000000000        0x0 /usr/local/Cellar/arm-none-eabi-gcc/10.3-2021.07/gcc/bin/../lib/gcc/arm-none-eabi/10.3.1/thumb/v7e-m+fp/hard/crti.o
 .bss           0x0000000000000000        0x0 /usr/local/Cellar/arm-none-eabi-gcc/10.3-2021.07/gcc/bin/../lib/gcc/arm-none-eabi/10.3.1/thumb/v7e-m+fp/hard/crti.o
 .data          0x0000000000000000        0x4 /usr/local/Cellar/arm-none-eabi-gcc/10.3-2021.07/gcc/bin/../lib/gcc/arm-none-eabi/10.3.1/thumb/v7e-m+fp/hard/crtbegin.o
 .rodata        0x0000000000000000       0x24 /usr/local/Cellar/arm-none-eabi-gcc/10.3-2021.07/gcc/bin/../lib/gcc/arm-none-eabi/10.3.1/thumb/v7e-m+fp/hard/crtbegin.o
 .data          0x0000000000000000        0x0 /usr/local/Cellar/arm-none-eabi-gcc/10.3-2021.07/gcc/bin/../lib/gcc/arm-none-eabi/10.3.1/../../../../arm-none-eabi/lib/thumb/v7e-m+fp/hard/crt0.o
 .bss           0x0000000000000000        0x0 /usr/local/Cellar/arm-none-eabi-gcc/10.3-2021.07/gcc/bin/../lib/gcc/arm-none-eabi/10.3.1/../../../../arm-none-eabi/lib/thumb/v7e-m+fp/hard/crt0.o
 .ARM.extab     0x0000000000000000        0x0 /usr/local/Cellar/arm-none-eabi-gcc/10.3-2021.07/gcc/bin/../lib/gcc/arm-none-eabi/10.3.1/../../../../arm-none-eabi/lib/thumb/v7e-m+fp/hard/crt0.o
 .data          0x0000000000000000        0x0 _build/nrf52832_xxaa/gcc_startup_nrf52.S.o
 .bss           0x0000000000000000        0x0 _build/nrf52832_xxaa/gcc_startup_nrf52.S.o
 .group         0x0000000000000000        0xc _build/nrf52832_xxaa/nrf_log_frontend.c.o
 .group         0x0000000000000000        0xc _build/nrf52832_xxaa/nrf_log_frontend.c.o
 .group         0x0000000000000000        0xc _build/nrf52832_xxaa/nrf_log_frontend.c.o
 .group         0x0000000000000000        0xc _build/nrf52832_xxaa/nrf_log_frontend.c.o
 .group         0x0000000000000000        0xc _build/nrf52832_xxaa/nrf_log_frontend.c.o
 .group         0x0000000000000000        0xc _build/nrf52832_xxaa/nrf_log_frontend.c.o
 .group         0x0000000000000000        0xc _build/nrf52832_xxaa/nrf_log_frontend.c.o
 .group         0x0000000000000000        0xc _build/nrf52832_xxaa/nrf_log_frontend.c.o
 .group         0x0000000000000000        0xc _build/nrf52832_xxaa/nrf_log_frontend.c.o
 .group         0x0000000000000000        0xc _build/nrf52832_xxaa/nrf_log_frontend.c.o
 .group         0x0000000000000000        0xc _build/nrf52832_xxaa/nrf_log_frontend.c.o
[...]
Memory Configuration

Name             Origin             Length             Attributes
FLASH            0x0000000000026000 0x000000000005a000 xr
RAM              0x0000000020005968 0x000000000000a698 xrw
*default*        0x0000000000000000 0xffffffffffffffff

Linker script and memory map


.text           0x0000000000026000      0x968
 *(.isr_vector)
 .isr_vector    0x0000000000026000      0x200 _build/nrf52832_xxaa/gcc_startup_nrf52.S.o
                0x0000000000026000                __isr_vector
 *(.text*)
 .text          0x0000000000026200       0x40 /usr/local/Cellar/arm-none-eabi-gcc/10.3-2021.07/gcc/bin/../lib/gcc/arm-none-eabi/10.3.1/thumb/v7e-m+fp/hard/crtbegin.o
 .text          0x0000000000026240       0x7c /usr/local/Cellar/arm-none-eabi-gcc/10.3-2021.07/gcc/bin/../lib/gcc/arm-none-eabi/10.3.1/../../../../arm-none-eabi/lib/thumb/v7e-m+fp/hard/crt0.o
                0x0000000000026240                _stack_init
                0x0000000000026248                _mainCRTStartup
                0x0000000000026248                _start
 .text          0x00000000000262bc       0x3c _build/nrf52832_xxaa/gcc_startup_nrf52.S.o
                0x00000000000262bc                Reset_Handler
                0x00000000000262e4                NMI_Handler
                0x00000000000262e6                HardFault_Handler
                0x00000000000262e8                MemoryManagement_Handler
                0x00000000000262ea                BusFault_Handler
                0x00000000000262ec                UsageFault_Handler
                0x00000000000262ee                SVC_Handler
                0x00000000000262f0                DebugMon_Handler
                0x00000000000262f2                PendSV_Handler
                0x00000000000262f4                SysTick_Handler
                0x00000000000262f6                TIMER3_IRQHandler
                0x00000000000262f6                FPU_IRQHandler
                0x00000000000262f6                SPIM0_SPIS0_TWIM0_TWIS0_SPI0_TWI0_IRQHandler
                0x00000000000262f6                UARTE0_UART0_IRQHandler
                0x00000000000262f6                TIMER4_IRQHandler
                0x00000000000262f6                I2S_IRQHandler
                0x00000000000262f6                SWI4_EGU4_IRQHandler
                0x00000000000262f6                TIMER0_IRQHandler
                0x00000000000262f6                TIMER1_IRQHandler
                0x00000000000262f6                PWM2_IRQHandler
                0x00000000000262f6                ECB_IRQHandler
                0x00000000000262f6                SPIM1_SPIS1_TWIM1_TWIS1_SPI1_TWI1_IRQHandler
                0x00000000000262f6                Default_Handler
                0x00000000000262f6                SAADC_IRQHandler
                0x00000000000262f6                CCM_AAR_IRQHandler
                0x00000000000262f6                WDT_IRQHandler
                0x00000000000262f6                SWI5_EGU5_IRQHandler
                0x00000000000262f6                RNG_IRQHandler
                0x00000000000262f6                RTC2_IRQHandler
                0x00000000000262f6                PWM0_IRQHandler
                0x00000000000262f6                SWI3_EGU3_IRQHandler
                0x00000000000262f6                RTC1_IRQHandler
                0x00000000000262f6                SWI1_EGU1_IRQHandler
                0x00000000000262f6                SPIM2_SPIS2_SPI2_IRQHandler
                0x00000000000262f6                NFCT_IRQHandler
                0x00000000000262f6                MWU_IRQHandler
                0x00000000000262f6                TIMER2_IRQHandler
                0x00000000000262f6                COMP_LPCOMP_IRQHandler
                0x00000000000262f6                RTC0_IRQHandler
                0x00000000000262f6                SWI0_EGU0_IRQHandler
                0x00000000000262f6                GPIOTE_IRQHandler
                0x00000000000262f6                PWM1_IRQHandler
                0x00000000000262f6                POWER_CLOCK_IRQHandler
                0x00000000000262f6                RADIO_IRQHandler
                0x00000000000262f6                PDM_IRQHandler
                0x00000000000262f6                TEMP_IRQHandler
                0x00000000000262f6                QDEC_IRQHandler
 .text.bsp_board_led_invert
                0x00000000000262f8       0x24 _build/nrf52832_xxaa/boards.c.o
                0x00000000000262f8                bsp_board_led_invert
 .text.bsp_board_init
                0x000000000002631c       0x5c _build/nrf52832_xxaa/boards.c.o
                0x000000000002631c                bsp_board_init
 .text.app_error_handler_bare
                0x0000000000026378       0x20 _build/nrf52832_xxaa/app_error.c.o
                0x0000000000026378                app_error_handler_bare
 .text.app_error_fault_handler
                0x0000000000026398       0x30 _build/nrf52832_xxaa/app_error_weak.c.o
                0x0000000000026398                app_error_fault_handler
 .text.nrf_section_iter_init
                0x00000000000263c8       0x14 _build/nrf52832_xxaa/nrf_section_iter.c.o
                0x00000000000263c8                nrf_section_iter_init
 .text.nrf_section_iter_next
                0x00000000000263dc       0x18 _build/nrf52832_xxaa/nrf_section_iter.c.o
                0x00000000000263dc                nrf_section_iter_next
 .text.startup.main
                0x00000000000263f4       0x30 _build/nrf52832_xxaa/main.c.o
                0x00000000000263f4                main
 .text.SystemInit
                0x0000000000026424      0x3d8 _build/nrf52832_xxaa/system_nrf52.c.o
                0x0000000000026424                SystemInit
 .text.SWI2_EGU2_IRQHandler
                0x00000000000267fc       0x2c _build/nrf52832_xxaa/nrf_sdh.c.o
                0x00000000000267fc                SWI2_EGU2_IRQHandler
 .text.sd_evt_get
                0x0000000000026828        0x4 _build/nrf52832_xxaa/nrf_sdh_soc.c.o
 .text.nrf_sdh_soc_evts_poll
                0x000000000002682c       0x50 _build/nrf52832_xxaa/nrf_sdh_soc.c.o
 .text.exit     0x000000000002687c       0x28 /usr/local/Cellar/arm-none-eabi-gcc/10.3-2021.07/gcc/bin/../lib/gcc/arm-none-eabi/10.3.1/../../../../arm-none-eabi/lib/thumb/v7e-m+fp/hard/libc_nano.a(lib_a-exit.o)
                0x000000000002687c                exit
 .text.__libc_init_array
                0x00000000000268a4       0x48 /usr/local/Cellar/arm-none-eabi-gcc/10.3-2021.07/gcc/bin/../lib/gcc/arm-none-eabi/10.3.1/../../../../arm-none-eabi/lib/thumb/v7e-m+fp/hard/libc_nano.a(lib_a-init.o)
                0x00000000000268a4                __libc_init_array
 .text.memset   0x00000000000268ec       0x10 /usr/local/Cellar/arm-none-eabi-gcc/10.3-2021.07/gcc/bin/../lib/gcc/arm-none-eabi/10.3.1/../../../../arm-none-eabi/lib/thumb/v7e-m+fp/hard/libc_nano.a(lib_a-memset.o)
                0x00000000000268ec                memset
 .text._exit    0x00000000000268fc        0x4 /usr/local/Cellar/arm-none-eabi-gcc/10.3-2021.07/gcc/bin/../lib/gcc/arm-none-eabi/10.3.1/../../../../arm-none-eabi/lib/thumb/v7e-m+fp/hard/libnosys.a(_exit.o)
                0x00000000000268fc                _exit
 *(.init)
 .init          0x0000000000026900        0x4 /usr/local/Cellar/arm-none-eabi-gcc/10.3-2021.07/gcc/bin/../lib/gcc/arm-none-eabi/10.3.1/thumb/v7e-m+fp/hard/crti.o
                0x0000000000026900                _init
 .init          0x0000000000026904        0x8 /usr/local/Cellar/arm-none-eabi-gcc/10.3-2021.07/gcc/bin/../lib/gcc/arm-none-eabi/10.3.1/thumb/v7e-m+fp/hard/crtn.o
 *(.fini)
 .fini          0x000000000002690c        0x4 /usr/local/Cellar/arm-none-eabi-gcc/10.3-2021.07/gcc/bin/../lib/gcc/arm-none-eabi/10.3.1/thumb/v7e-m+fp/hard/crti.o
                0x000000000002690c                _fini
 .fini          0x0000000000026910        0x8 /usr/local/Cellar/arm-none-eabi-gcc/10.3-2021.07/gcc/bin/../lib/gcc/arm-none-eabi/10.3.1/thumb/v7e-m+fp/hard/crtn.o
 *crtbegin.o(.ctors)
 *crtbegin?.o(.ctors)
 *(EXCLUDE_FILE(*crtend.o *crtend?.o) .ctors)
 *(SORT_BY_NAME(.ctors.*))
 *(.ctors)
 *crtbegin.o(.dtors)
 *crtbegin?.o(.dtors)
 *(EXCLUDE_FILE(*crtend.o *crtend?.o) .dtors)
 *(SORT_BY_NAME(.dtors.*))
 *(.dtors)
 *(.rodata*)
 .rodata.m_board_led_list
                0x0000000000026918        0x4 _build/nrf52832_xxaa/boards.c.o
 *fill*         0x000000000002691c        0x4 
 .rodata.delay_machine_code.0
                0x0000000000026920        0x6 _build/nrf52832_xxaa/main.c.o
 *fill*         0x0000000000026926        0x2 
 .rodata.CSWTCH.15
                0x0000000000026928        0x5 _build/nrf52832_xxaa/system_nrf52.c.o
 *fill*         0x000000000002692d        0x3 
 .rodata.CSWTCH.19
                0x0000000000026930        0x5 _build/nrf52832_xxaa/system_nrf52.c.o
 *fill*         0x0000000000026935        0x3 
 .rodata.CSWTCH.21
                0x0000000000026938        0x5 _build/nrf52832_xxaa/system_nrf52.c.o
 *fill*         0x000000000002693d        0x3 
 .rodata.CSWTCH.5
                0x0000000000026940        0x5 _build/nrf52832_xxaa/system_nrf52.c.o
 *fill*         0x0000000000026945        0x3 
 .rodata.sdh_stack_observers
                0x0000000000026948        0xc _build/nrf52832_xxaa/nrf_sdh.c.o
 .rodata.sdh_soc_observers
                0x0000000000026954        0xc _build/nrf52832_xxaa/nrf_sdh_soc.c.o
 .rodata._global_impure_ptr
                0x0000000000026960        0x4 /usr/local/Cellar/arm-none-eabi-gcc/10.3-2021.07/gcc/bin/../lib/gcc/arm-none-eabi/10.3.1/../../../../arm-none-eabi/lib/thumb/v7e-m+fp/hard/libc_nano.a(lib_a-impure.o)
                0x0000000000026960                _global_impure_ptr
 *(.eh_frame*)
 .eh_frame      0x0000000000026964        0x0 /usr/local/Cellar/arm-none-eabi-gcc/10.3-2021.07/gcc/bin/../lib/gcc/arm-none-eabi/10.3.1/thumb/v7e-m+fp/hard/crtbegin.o
 .eh_frame      0x0000000000026964        0x4 /usr/local/Cellar/arm-none-eabi-gcc/10.3-2021.07/gcc/bin/../lib/gcc/arm-none-eabi/10.3.1/thumb/v7e-m+fp/hard/crtend.o

.glue_7         0x0000000000026968        0x0
 .glue_7        0x0000000000026968        0x0 linker stubs

.glue_7t        0x0000000000026968        0x0
 .glue_7t       0x0000000000026968        0x0 linker stubs

.vfp11_veneer   0x0000000000026968        0x0
 .vfp11_veneer  0x0000000000026968        0x0 linker stubs

.v4_bx          0x0000000000026968        0x0
 .v4_bx         0x0000000000026968        0x0 linker stubs

.iplt           0x0000000000026968        0x0
 .iplt          0x0000000000026968        0x0 /usr/local/Cellar/arm-none-eabi-gcc/10.3-2021.07/gcc/bin/../lib/gcc/arm-none-eabi/10.3.1/thumb/v7e-m+fp/hard/crtbegin.o

.mem_section_dummy_rom

.sdh_soc_observers
                0x0000000000026968        0x0
                0x0000000000026968                PROVIDE (__start_sdh_soc_observers = .)
 *(SORT_BY_NAME(.sdh_soc_observers*))
                0x0000000000026968                PROVIDE (__stop_sdh_soc_observers = .)

.sdh_req_observers
                0x0000000000026968        0x0
                0x0000000000026968                PROVIDE (__start_sdh_req_observers = .)
 *(SORT_BY_NAME(.sdh_req_observers*))
                0x0000000000026968                PROVIDE (__stop_sdh_req_observers = .)

.sdh_state_observers
                0x0000000000026968        0x0
                0x0000000000026968                PROVIDE (__start_sdh_state_observers = .)
 *(SORT_BY_NAME(.sdh_state_observers*))
                0x0000000000026968                PROVIDE (__stop_sdh_state_observers = .)

.sdh_stack_observers
                0x0000000000026968        0x8
                0x0000000000026968                PROVIDE (__start_sdh_stack_observers = .)
 *(SORT_BY_NAME(.sdh_stack_observers*))
 .sdh_stack_observers0
                0x0000000000026968        0x8 _build/nrf52832_xxaa/nrf_sdh_soc.c.o
                0x0000000000026970                PROVIDE (__stop_sdh_stack_observers = .)

.log_const_data
                0x0000000000026970        0x0
                [!provide]                        PROVIDE (__start_log_const_data = .)
 *(SORT_BY_NAME(.log_const_data*))
                [!provide]                        PROVIDE (__stop_log_const_data = .)

.log_backends   0x0000000000026970        0x0
                [!provide]                        PROVIDE (__start_log_backends = .)
 *(SORT_BY_NAME(.log_backends*))
                [!provide]                        PROVIDE (__stop_log_backends = .)

.nrf_balloc     0x0000000000026970        0x0
                [!provide]                        PROVIDE (__start_nrf_balloc = .)
 *(.nrf_balloc)
                [!provide]                        PROVIDE (__stop_nrf_balloc = .)

.ARM.extab
 *(.ARM.extab* .gnu.linkonce.armextab.*)
                0x0000000000026970                __exidx_start = .

.ARM.exidx      0x0000000000026970        0x8
 *(.ARM.exidx* .gnu.linkonce.armexidx.*)
 .ARM.exidx     0x0000000000026970        0x8 /usr/local/Cellar/arm-none-eabi-gcc/10.3-2021.07/gcc/bin/../lib/gcc/arm-none-eabi/10.3.1/../../../../arm-none-eabi/lib/thumb/v7e-m+fp/hard/crt0.o
                                         0x10 (size before relaxing)
                0x0000000000026978                __exidx_end = .

.rel.dyn        0x0000000000026978        0x0
 .rel.iplt      0x0000000000026978        0x0 /usr/local/Cellar/arm-none-eabi-gcc/10.3-2021.07/gcc/bin/../lib/gcc/arm-none-eabi/10.3.1/thumb/v7e-m+fp/hard/crtbegin.o
                0x0000000000026978                . = ALIGN (0x4)
                0x0000000000026978                __etext = .

.data           0x0000000020005968       0x6c load address 0x0000000000026978
                0x0000000020005968                __data_start__ = .
 *(vtable)
 *(.data*)
 .data.SystemCoreClock
                0x0000000020005968        0x4 _build/nrf52832_xxaa/system_nrf52.c.o
                0x0000000020005968                SystemCoreClock
 .data.impure_data
                0x000000002000596c       0x60 /usr/local/Cellar/arm-none-eabi-gcc/10.3-2021.07/gcc/bin/../lib/gcc/arm-none-eabi/10.3.1/../../../../arm-none-eabi/lib/thumb/v7e-m+fp/hard/libc_nano.a(lib_a-impure.o)
                0x00000000200059cc                . = ALIGN (0x4)
                0x00000000200059cc                PROVIDE (__preinit_array_start = .)
 *(.preinit_array)
                0x00000000200059cc                PROVIDE (__preinit_array_end = .)
                0x00000000200059cc                . = ALIGN (0x4)
                0x00000000200059cc                PROVIDE (__init_array_start = .)
 *(SORT_BY_NAME(.init_array.*))
 *(.init_array)
 .init_array    0x00000000200059cc        0x4 /usr/local/Cellar/arm-none-eabi-gcc/10.3-2021.07/gcc/bin/../lib/gcc/arm-none-eabi/10.3.1/thumb/v7e-m+fp/hard/crtbegin.o
                0x00000000200059d0                PROVIDE (__init_array_end = .)
                0x00000000200059d0                . = ALIGN (0x4)
                [!provide]                        PROVIDE (__fini_array_start = .)
 *(SORT_BY_NAME(.fini_array.*))
 *(.fini_array)
 .fini_array    0x00000000200059d0        0x4 /usr/local/Cellar/arm-none-eabi-gcc/10.3-2021.07/gcc/bin/../lib/gcc/arm-none-eabi/10.3.1/thumb/v7e-m+fp/hard/crtbegin.o
                [!provide]                        PROVIDE (__fini_array_end = .)
 *(.jcr*)
                0x00000000200059d4                . = ALIGN (0x4)
                0x00000000200059d4                __data_end__ = .
LOAD /usr/local/Cellar/arm-none-eabi-gcc/10.3-2021.07/gcc/bin/../lib/gcc/arm-none-eabi/10.3.1/thumb/v7e-m+fp/hard/crti.o
LOAD /usr/local/Cellar/arm-none-eabi-gcc/10.3-2021.07/gcc/bin/../lib/gcc/arm-none-eabi/10.3.1/thumb/v7e-m+fp/hard/crtbegin.o
LOAD /usr/local/Cellar/arm-none-eabi-gcc/10.3-2021.07/gcc/bin/../lib/gcc/arm-none-eabi/10.3.1/../../../../arm-none-eabi/lib/thumb/v7e-m+fp/hard/crt0.o
LOAD _build/nrf52832_xxaa/gcc_startup_nrf52.S.o
LOAD _build/nrf52832_xxaa/nrf_log_frontend.c.o
LOAD _build/nrf52832_xxaa/nrf_log_str_formatter.c.o
LOAD _build/nrf52832_xxaa/boards.c.o
LOAD _build/nrf52832_xxaa/app_error.c.o
LOAD _build/nrf52832_xxaa/app_error_handler_gcc.c.o
LOAD _build/nrf52832_xxaa/app_error_weak.c.o
LOAD _build/nrf52832_xxaa/app_util_platform.c.o
LOAD _build/nrf52832_xxaa/nrf_assert.c.o
LOAD _build/nrf52832_xxaa/nrf_atomic.c.o
LOAD _build/nrf52832_xxaa/nrf_balloc.c.o
LOAD _build/nrf52832_xxaa/nrf_fprintf.c.o
LOAD _build/nrf52832_xxaa/nrf_fprintf_format.c.o
LOAD _build/nrf52832_xxaa/nrf_memobj.c.o
LOAD _build/nrf52832_xxaa/nrf_ringbuf.c.o
LOAD _build/nrf52832_xxaa/nrf_section_iter.c.o
LOAD _build/nrf52832_xxaa/nrf_strerror.c.o
LOAD _build/nrf52832_xxaa/nrfx_atomic.c.o
LOAD _build/nrf52832_xxaa/main.c.o
LOAD _build/nrf52832_xxaa/system_nrf52.c.o
LOAD _build/nrf52832_xxaa/nrf_sdh.c.o
LOAD _build/nrf52832_xxaa/nrf_sdh_soc.c.o
LOAD /usr/local/Cellar/arm-none-eabi-gcc/10.3-2021.07/gcc/bin/../lib/gcc/arm-none-eabi/10.3.1/../../../../arm-none-eabi/lib/thumb/v7e-m+fp/hard/libc_nano.a
LOAD /usr/local/Cellar/arm-none-eabi-gcc/10.3-2021.07/gcc/bin/../lib/gcc/arm-none-eabi/10.3.1/../../../../arm-none-eabi/lib/thumb/v7e-m+fp/hard/libnosys.a
LOAD /usr/local/Cellar/arm-none-eabi-gcc/10.3-2021.07/gcc/bin/../lib/gcc/arm-none-eabi/10.3.1/../../../../arm-none-eabi/lib/thumb/v7e-m+fp/hard/libm.a
START GROUP
LOAD /usr/local/Cellar/arm-none-eabi-gcc/10.3-2021.07/gcc/bin/../lib/gcc/arm-none-eabi/10.3.1/thumb/v7e-m+fp/hard/libgcc.a
LOAD /usr/local/Cellar/arm-none-eabi-gcc/10.3-2021.07/gcc/bin/../lib/gcc/arm-none-eabi/10.3.1/../../../../arm-none-eabi/lib/thumb/v7e-m+fp/hard/libg_nano.a
LOAD /usr/local/Cellar/arm-none-eabi-gcc/10.3-2021.07/gcc/bin/../lib/gcc/arm-none-eabi/10.3.1/../../../../arm-none-eabi/lib/thumb/v7e-m+fp/hard/libc_nano.a
END GROUP
START GROUP
LOAD /usr/local/Cellar/arm-none-eabi-gcc/10.3-2021.07/gcc/bin/../lib/gcc/arm-none-eabi/10.3.1/thumb/v7e-m+fp/hard/libgcc.a
LOAD /usr/local/Cellar/arm-none-eabi-gcc/10.3-2021.07/gcc/bin/../lib/gcc/arm-none-eabi/10.3.1/../../../../arm-none-eabi/lib/thumb/v7e-m+fp/hard/libc_nano.a
END GROUP
LOAD /usr/local/Cellar/arm-none-eabi-gcc/10.3-2021.07/gcc/bin/../lib/gcc/arm-none-eabi/10.3.1/thumb/v7e-m+fp/hard/crtend.o
LOAD /usr/local/Cellar/arm-none-eabi-gcc/10.3-2021.07/gcc/bin/../lib/gcc/arm-none-eabi/10.3.1/thumb/v7e-m+fp/hard/crtn.o
START GROUP
LOAD /usr/local/Cellar/arm-none-eabi-gcc/10.3-2021.07/gcc/bin/../lib/gcc/arm-none-eabi/10.3.1/thumb/v7e-m+fp/hard/libgcc.a
LOAD /usr/local/Cellar/arm-none-eabi-gcc/10.3-2021.07/gcc/bin/../lib/gcc/arm-none-eabi/10.3.1/../../../../arm-none-eabi/lib/thumb/v7e-m+fp/hard/libc.a
LOAD /usr/local/Cellar/arm-none-eabi-gcc/10.3-2021.07/gcc/bin/../lib/gcc/arm-none-eabi/10.3.1/../../../../arm-none-eabi/lib/thumb/v7e-m+fp/hard/libnosys.a
END GROUP

.igot.plt       0x00000000200059d4        0x0 load address 0x00000000000269e4
 .igot.plt      0x00000000200059d4        0x0 /usr/local/Cellar/arm-none-eabi-gcc/10.3-2021.07/gcc/bin/../lib/gcc/arm-none-eabi/10.3.1/thumb/v7e-m+fp/hard/crtbegin.o
                0x00000000200059d4                . = ALIGN (0x4)

.mem_section_dummy_ram

.log_dynamic_data
                0x00000000200059d4        0x0
                [!provide]                        PROVIDE (__start_log_dynamic_data = .)
 *(SORT_BY_NAME(.log_dynamic_data*))
                [!provide]                        PROVIDE (__stop_log_dynamic_data = .)

.log_filter_data
                0x00000000200059d4        0x0
                [!provide]                        PROVIDE (__start_log_filter_data = .)
 *(SORT_BY_NAME(.log_filter_data*))
                [!provide]                        PROVIDE (__stop_log_filter_data = .)

.bss            0x00000000200059d4       0x1c load address 0x00000000000269e4
                0x00000000200059d4                . = ALIGN (0x4)
                0x00000000200059d4                __bss_start__ = .
 *(.bss*)
 .bss           0x00000000200059d4       0x1c /usr/local/Cellar/arm-none-eabi-gcc/10.3-2021.07/gcc/bin/../lib/gcc/arm-none-eabi/10.3.1/thumb/v7e-m+fp/hard/crtbegin.o
 *(COMMON)
                0x00000000200059f0                . = ALIGN (0x4)
                0x00000000200059f0                __bss_end__ = .

.heap           0x00000000200059f0     0x2000
                0x00000000200059f0                __HeapBase = .
                0x00000000200059f0                __end__ = .
                [!provide]                        PROVIDE (end = .)
 *(.heap*)
 .heap          0x00000000200059f0     0x2000 _build/nrf52832_xxaa/gcc_startup_nrf52.S.o
                0x00000000200079f0                __HeapLimit = .

.stack_dummy    0x00000000200059f0     0x2000
 *(.stack*)
 .stack         0x00000000200059f0     0x2000 _build/nrf52832_xxaa/gcc_startup_nrf52.S.o
                0x0000000020010000                __StackTop = (ORIGIN (RAM) + LENGTH (RAM))
                0x000000002000e000                __StackLimit = (__StackTop - SIZEOF (.stack_dummy))
                0x0000000020010000                PROVIDE (__stack = __StackTop)
                0x0000000000000001                ASSERT ((__StackLimit >= __HeapLimit), region RAM overflowed with stack)
                0x000000000000006c                DataInitFlashUsed = (__bss_start__ - __data_start__)
                0x0000000000000978                CodeFlashUsed = (__etext - ORIGIN (FLASH))
                0x00000000000009e4                TotalFlashUsed = (CodeFlashUsed + DataInitFlashUsed)
                0x0000000000000001                ASSERT ((TotalFlashUsed <= LENGTH (FLASH)), region FLASH overflowed with .data and user data)
OUTPUT(_build/nrf52832_xxaa.out elf32-littlearm)
LOAD linker stubs

.ARM.attributes
                0x0000000000000000       0x30
 .ARM.attributes
                0x0000000000000000       0x1e /usr/local/Cellar/arm-none-eabi-gcc/10.3-2021.07/gcc/bin/../lib/gcc/arm-none-eabi/10.3.1/thumb/v7e-m+fp/hard/crti.o
 .ARM.attributes
                0x000000000000001e       0x34 /usr/local/Cellar/arm-none-eabi-gcc/10.3-2021.07/gcc/bin/../lib/gcc/arm-none-eabi/10.3.1/thumb/v7e-m+fp/hard/crtbegin.o
 .ARM.attributes
                0x0000000000000052       0x1c /usr/local/Cellar/arm-none-eabi-gcc/10.3-2021.07/gcc/bin/../lib/gcc/arm-none-eabi/10.3.1/../../../../arm-none-eabi/lib/thumb/v7e-m+fp/hard/crt0.o
 .ARM.attributes
                0x000000000000006e       0x20 _build/nrf52832_xxaa/gcc_startup_nrf52.S.o
 .ARM.attributes
                0x000000000000008e       0x34 _build/nrf52832_xxaa/boards.c.o
 .ARM.attributes
                0x00000000000000c2       0x34 _build/nrf52832_xxaa/app_error.c.o
 .ARM.attributes
                0x00000000000000f6       0x34 _build/nrf52832_xxaa/app_error_weak.c.o
 .ARM.attributes
                0x000000000000012a       0x34 _build/nrf52832_xxaa/nrf_section_iter.c.o
 .ARM.attributes
                0x000000000000015e       0x34 _build/nrf52832_xxaa/main.c.o
 .ARM.attributes
                0x0000000000000192       0x34 _build/nrf52832_xxaa/system_nrf52.c.o
 .ARM.attributes
                0x00000000000001c6       0x34 _build/nrf52832_xxaa/nrf_sdh.c.o
 .ARM.attributes
                0x00000000000001fa       0x34 _build/nrf52832_xxaa/nrf_sdh_soc.c.o
 .ARM.attributes
                0x000000000000022e       0x34 /usr/local/Cellar/arm-none-eabi-gcc/10.3-2021.07/gcc/bin/../lib/gcc/arm-none-eabi/10.3.1/../../../../arm-none-eabi/lib/thumb/v7e-m+fp/hard/libc_nano.a(lib_a-exit.o)
 .ARM.attributes
                0x0000000000000262       0x32 /usr/local/Cellar/arm-none-eabi-gcc/10.3-2021.07/gcc/bin/../lib/gcc/arm-none-eabi/10.3.1/../../../../arm-none-eabi/lib/thumb/v7e-m+fp/hard/libc_nano.a(lib_a-impure.o)
 .ARM.attributes
                0x0000000000000294       0x34 /usr/local/Cellar/arm-none-eabi-gcc/10.3-2021.07/gcc/bin/../lib/gcc/arm-none-eabi/10.3.1/../../../../arm-none-eabi/lib/thumb/v7e-m+fp/hard/libc_nano.a(lib_a-init.o)
 .ARM.attributes
                0x00000000000002c8       0x34 /usr/local/Cellar/arm-none-eabi-gcc/10.3-2021.07/gcc/bin/../lib/gcc/arm-none-eabi/10.3.1/../../../../arm-none-eabi/lib/thumb/v7e-m+fp/hard/libc_nano.a(lib_a-memset.o)
 .ARM.attributes
                0x00000000000002fc       0x34 /usr/local/Cellar/arm-none-eabi-gcc/10.3-2021.07/gcc/bin/../lib/gcc/arm-none-eabi/10.3.1/../../../../arm-none-eabi/lib/thumb/v7e-m+fp/hard/libnosys.a(_exit.o)
 .ARM.attributes
                0x0000000000000330       0x32 /usr/local/Cellar/arm-none-eabi-gcc/10.3-2021.07/gcc/bin/../lib/gcc/arm-none-eabi/10.3.1/thumb/v7e-m+fp/hard/crtend.o
 .ARM.attributes
                0x0000000000000362       0x1e /usr/local/Cellar/arm-none-eabi-gcc/10.3-2021.07/gcc/bin/../lib/gcc/arm-none-eabi/10.3.1/thumb/v7e-m+fp/hard/crtn.o

.comment        0x0000000000000000       0x49
 .comment       0x0000000000000000       0x49 _build/nrf52832_xxaa/boards.c.o
                                         0x4a (size before relaxing)
 .comment       0x0000000000000049       0x4a _build/nrf52832_xxaa/app_error.c.o
 .comment       0x0000000000000049       0x4a _build/nrf52832_xxaa/app_error_weak.c.o
 .comment       0x0000000000000049       0x4a _build/nrf52832_xxaa/nrf_section_iter.c.o
 .comment       0x0000000000000049       0x4a _build/nrf52832_xxaa/main.c.o
 .comment       0x0000000000000049       0x4a _build/nrf52832_xxaa/system_nrf52.c.o
 .comment       0x0000000000000049       0x4a _build/nrf52832_xxaa/nrf_sdh.c.o
 .comment       0x0000000000000049       0x4a _build/nrf52832_xxaa/nrf_sdh_soc.c.o

.debug_line     0x0000000000000000     0x5124
 .debug_line    0x0000000000000000       0x86 _build/nrf52832_xxaa/gcc_startup_nrf52.S.o
 .debug_line    0x0000000000000086     0x10fe _build/nrf52832_xxaa/boards.c.o
 .debug_line    0x0000000000001184      0x5ac _build/nrf52832_xxaa/app_error.c.o
 .debug_line    0x0000000000001730      0x82c _build/nrf52832_xxaa/app_error_weak.c.o
 .debug_line    0x0000000000001f5c      0x5e8 _build/nrf52832_xxaa/nrf_section_iter.c.o
 .debug_line    0x0000000000002544      0x86e _build/nrf52832_xxaa/main.c.o
 .debug_line    0x0000000000002db2      0xa99 _build/nrf52832_xxaa/system_nrf52.c.o
 .debug_line    0x000000000000384b     0x10c8 _build/nrf52832_xxaa/nrf_sdh.c.o
 .debug_line    0x0000000000004913      0x811 _build/nrf52832_xxaa/nrf_sdh_soc.c.o

.debug_info     0x0000000000000000     0x4c43
 .debug_info    0x0000000000000000       0x26 _build/nrf52832_xxaa/gcc_startup_nrf52.S.o
 .debug_info    0x0000000000000026      0xddc _build/nrf52832_xxaa/boards.c.o
 .debug_info    0x0000000000000e02      0x2c3 _build/nrf52832_xxaa/app_error.c.o
 .debug_info    0x00000000000010c5      0x3b0 _build/nrf52832_xxaa/app_error_weak.c.o
 .debug_info    0x0000000000001475      0x1aa _build/nrf52832_xxaa/nrf_section_iter.c.o
 .debug_info    0x000000000000161f      0x21f _build/nrf52832_xxaa/main.c.o
 .debug_info    0x000000000000183e     0x1701 _build/nrf52832_xxaa/system_nrf52.c.o
 .debug_info    0x0000000000002f3f     0x17b5 _build/nrf52832_xxaa/nrf_sdh.c.o
 .debug_info    0x00000000000046f4      0x54f _build/nrf52832_xxaa/nrf_sdh_soc.c.o

.debug_abbrev   0x0000000000000000     0x118c
 .debug_abbrev  0x0000000000000000       0x14 _build/nrf52832_xxaa/gcc_startup_nrf52.S.o
 .debug_abbrev  0x0000000000000014      0x2df _build/nrf52832_xxaa/boards.c.o
 .debug_abbrev  0x00000000000002f3      0x13b _build/nrf52832_xxaa/app_error.c.o
 .debug_abbrev  0x000000000000042e      0x185 _build/nrf52832_xxaa/app_error_weak.c.o
 .debug_abbrev  0x00000000000005b3       0xba _build/nrf52832_xxaa/nrf_section_iter.c.o
 .debug_abbrev  0x000000000000066d      0x16a _build/nrf52832_xxaa/main.c.o
 .debug_abbrev  0x00000000000007d7      0x328 _build/nrf52832_xxaa/system_nrf52.c.o
 .debug_abbrev  0x0000000000000aff      0x4af _build/nrf52832_xxaa/nrf_sdh.c.o
 .debug_abbrev  0x0000000000000fae      0x1de _build/nrf52832_xxaa/nrf_sdh_soc.c.o

.debug_aranges  0x0000000000000000      0x1f8
 .debug_aranges
                0x0000000000000000       0x20 _build/nrf52832_xxaa/gcc_startup_nrf52.S.o
 .debug_aranges
                0x0000000000000020       0x78 _build/nrf52832_xxaa/boards.c.o
 .debug_aranges
                0x0000000000000098       0x28 _build/nrf52832_xxaa/app_error.c.o
 .debug_aranges
                0x00000000000000c0       0x20 _build/nrf52832_xxaa/app_error_weak.c.o
 .debug_aranges
                0x00000000000000e0       0x28 _build/nrf52832_xxaa/nrf_section_iter.c.o
 .debug_aranges
                0x0000000000000108       0x20 _build/nrf52832_xxaa/main.c.o
 .debug_aranges
                0x0000000000000128       0x38 _build/nrf52832_xxaa/system_nrf52.c.o
 .debug_aranges
                0x0000000000000160       0x70 _build/nrf52832_xxaa/nrf_sdh.c.o
 .debug_aranges
                0x00000000000001d0       0x28 _build/nrf52832_xxaa/nrf_sdh_soc.c.o

.debug_str      0x0000000000000000    0x7d0fe
 .debug_str     0x0000000000000000       0xb0 _build/nrf52832_xxaa/gcc_startup_nrf52.S.o
 .debug_str     0x00000000000000b0    0x6f980 _build/nrf52832_xxaa/boards.c.o
                                      0x70751 (size before relaxing)
 .debug_str     0x000000000006fa30      0x11f _build/nrf52832_xxaa/app_error.c.o
                                      0x62584 (size before relaxing)
 .debug_str     0x000000000006fb4f     0x39c0 _build/nrf52832_xxaa/app_error_weak.c.o
                                      0x70740 (size before relaxing)
 .debug_str     0x000000000007350f      0x27c _build/nrf52832_xxaa/nrf_section_iter.c.o
                                      0x6bfe3 (size before relaxing)
 .debug_str     0x000000000007378b       0xb0 _build/nrf52832_xxaa/main.c.o
                                      0x702bd (size before relaxing)
 .debug_str     0x000000000007383b     0x8400 _build/nrf52832_xxaa/system_nrf52.c.o
                                      0x66e06 (size before relaxing)
 .debug_str     0x000000000007bc3b      0xc2a _build/nrf52832_xxaa/nrf_sdh.c.o
                                      0x7122e (size before relaxing)
 .debug_str     0x000000000007c865      0x899 _build/nrf52832_xxaa/nrf_sdh_soc.c.o
                                      0x701b8 (size before relaxing)

.debug_loc      0x0000000000000000     0x1944
 .debug_loc     0x0000000000000000      0xd67 _build/nrf52832_xxaa/boards.c.o
 .debug_loc     0x0000000000000d67       0xc8 _build/nrf52832_xxaa/app_error.c.o
 .debug_loc     0x0000000000000e2f       0x4a _build/nrf52832_xxaa/app_error_weak.c.o
 .debug_loc     0x0000000000000e79       0x87 _build/nrf52832_xxaa/main.c.o
 .debug_loc     0x0000000000000f00      0x349 _build/nrf52832_xxaa/system_nrf52.c.o
 .debug_loc     0x0000000000001249      0x631 _build/nrf52832_xxaa/nrf_sdh.c.o
 .debug_loc     0x000000000000187a       0xca _build/nrf52832_xxaa/nrf_sdh_soc.c.o

.debug_ranges   0x0000000000000000     0x1140
 .debug_ranges  0x0000000000000000      0x928 _build/nrf52832_xxaa/boards.c.o
 .debug_ranges  0x0000000000000928       0x18 _build/nrf52832_xxaa/app_error.c.o
 .debug_ranges  0x0000000000000940       0x10 _build/nrf52832_xxaa/app_error_weak.c.o
 .debug_ranges  0x0000000000000950       0x18 _build/nrf52832_xxaa/nrf_section_iter.c.o
 .debug_ranges  0x0000000000000968       0x70 _build/nrf52832_xxaa/main.c.o
 .debug_ranges  0x00000000000009d8      0x188 _build/nrf52832_xxaa/system_nrf52.c.o
 .debug_ranges  0x0000000000000b60      0x570 _build/nrf52832_xxaa/nrf_sdh.c.o
 .debug_ranges  0x00000000000010d0       0x70 _build/nrf52832_xxaa/nrf_sdh_soc.c.o

.debug_macro    0x0000000000000000     0x44a8
 .debug_macro   0x0000000000000000      0x39e _build/nrf52832_xxaa/boards.c.o
 .debug_macro   0x000000000000039e       0xfb _build/nrf52832_xxaa/boards.c.o
 .debug_macro   0x0000000000000499       0x40 _build/nrf52832_xxaa/boards.c.o
 .debug_macro   0x00000000000004d9      0x3dc _build/nrf52832_xxaa/boards.c.o
 .debug_macro   0x00000000000008b5       0x59 _build/nrf52832_xxaa/boards.c.o
 .debug_macro   0x000000000000090e       0x1f _build/nrf52832_xxaa/boards.c.o
 .debug_macro   0x000000000000092d      0x131 _build/nrf52832_xxaa/boards.c.o
 .debug_macro   0x0000000000000a5e       0x3f _build/nrf52832_xxaa/boards.c.o
 .debug_macro   0x0000000000000a9d       0x46 _build/nrf52832_xxaa/boards.c.o
 .debug_macro   0x0000000000000ae3       0x88 _build/nrf52832_xxaa/boards.c.o
 .debug_macro   0x0000000000000b6b       0x3a _build/nrf52832_xxaa/boards.c.o
 .debug_macro   0x0000000000000ba5       0x16 _build/nrf52832_xxaa/boards.c.o
 .debug_macro   0x0000000000000bbb       0x10 _build/nrf52832_xxaa/boards.c.o
 .debug_macro   0x0000000000000bcb       0xbe _build/nrf52832_xxaa/boards.c.o
 .debug_macro   0x0000000000000c89       0x16 _build/nrf52832_xxaa/boards.c.o
 .debug_macro   0x0000000000000c9f      0x129 _build/nrf52832_xxaa/boards.c.o
 .debug_macro   0x0000000000000dc8       0x49 _build/nrf52832_xxaa/boards.c.o
 .debug_macro   0x0000000000000e11       0x8c _build/nrf52832_xxaa/boards.c.o
 .debug_macro   0x0000000000000e9d       0x19 _build/nrf52832_xxaa/boards.c.o
 .debug_macro   0x0000000000000eb6       0x1d _build/nrf52832_xxaa/boards.c.o
 .debug_macro   0x0000000000000ed3       0x35 _build/nrf52832_xxaa/boards.c.o
 .debug_macro   0x0000000000000f08       0x7b _build/nrf52832_xxaa/boards.c.o
 .debug_macro   0x0000000000000f83       0x1c _build/nrf52832_xxaa/boards.c.o
 .debug_macro   0x0000000000000f9f       0x40 _build/nrf52832_xxaa/boards.c.o
 .debug_macro   0x0000000000000fdf       0x20 _build/nrf52832_xxaa/boards.c.o
 .debug_macro   0x0000000000000fff       0x1c _build/nrf52832_xxaa/boards.c.o
 .debug_macro   0x000000000000101b      0x25a _build/nrf52832_xxaa/boards.c.o
 .debug_macro   0x0000000000001275      0x16d _build/nrf52832_xxaa/boards.c.o
 .debug_macro   0x00000000000013e2      0x21d _build/nrf52832_xxaa/app_error.c.o
 .debug_macro   0x00000000000015ff       0x97 _build/nrf52832_xxaa/app_error.c.o
 .debug_macro   0x0000000000001696       0xf6 _build/nrf52832_xxaa/app_error.c.o
 .debug_macro   0x000000000000178c      0x377 _build/nrf52832_xxaa/app_error_weak.c.o
 .debug_macro   0x0000000000001b03       0x16 _build/nrf52832_xxaa/app_error_weak.c.o
 .debug_macro   0x0000000000001b19       0x31 _build/nrf52832_xxaa/app_error_weak.c.o
 .debug_macro   0x0000000000001b4a       0x16 _build/nrf52832_xxaa/app_error_weak.c.o
 .debug_macro   0x0000000000001b60       0x55 _build/nrf52832_xxaa/app_error_weak.c.o
 .debug_macro   0x0000000000001bb5      0x17f _build/nrf52832_xxaa/app_error_weak.c.o
 .debug_macro   0x0000000000001d34       0x9a _build/nrf52832_xxaa/app_error_weak.c.o
 .debug_macro   0x0000000000001dce       0x28 _build/nrf52832_xxaa/app_error_weak.c.o
 .debug_macro   0x0000000000001df6       0x23 _build/nrf52832_xxaa/app_error_weak.c.o
 .debug_macro   0x0000000000001e19       0x1c _build/nrf52832_xxaa/app_error_weak.c.o
 .debug_macro   0x0000000000001e35       0x1c _build/nrf52832_xxaa/app_error_weak.c.o
 .debug_macro   0x0000000000001e51      0x11b _build/nrf52832_xxaa/app_error_weak.c.o
 .debug_macro   0x0000000000001f6c      0x25d _build/nrf52832_xxaa/nrf_section_iter.c.o
 .debug_macro   0x00000000000021c9       0x11 _build/nrf52832_xxaa/nrf_section_iter.c.o
 .debug_macro   0x00000000000021da      0x3a8 _build/nrf52832_xxaa/main.c.o
 .debug_macro   0x0000000000002582       0x22 _build/nrf52832_xxaa/main.c.o
 .debug_macro   0x00000000000025a4      0x151 _build/nrf52832_xxaa/system_nrf52.c.o
 .debug_macro   0x00000000000026f5      0x44e _build/nrf52832_xxaa/system_nrf52.c.o
 .debug_macro   0x0000000000002b43      0xa28 _build/nrf52832_xxaa/system_nrf52.c.o
 .debug_macro   0x000000000000356b      0x520 _build/nrf52832_xxaa/system_nrf52.c.o
 .debug_macro   0x0000000000003a8b      0x164 _build/nrf52832_xxaa/system_nrf52.c.o
 .debug_macro   0x0000000000003bef      0x392 _build/nrf52832_xxaa/nrf_sdh.c.o
 .debug_macro   0x0000000000003f81       0x2b _build/nrf52832_xxaa/nrf_sdh.c.o
 .debug_macro   0x0000000000003fac       0x10 _build/nrf52832_xxaa/nrf_sdh.c.o
 .debug_macro   0x0000000000003fbc      0x16d _build/nrf52832_xxaa/nrf_sdh.c.o
 .debug_macro   0x0000000000004129      0x369 _build/nrf52832_xxaa/nrf_sdh_soc.c.o
 .debug_macro   0x0000000000004492       0x16 _build/nrf52832_xxaa/nrf_sdh_soc.c.o

.debug_frame    0x0000000000000000      0x420
 .debug_frame   0x0000000000000000       0xf4 _build/nrf52832_xxaa/boards.c.o
 .debug_frame   0x00000000000000f4       0x4c _build/nrf52832_xxaa/app_error.c.o
 .debug_frame   0x0000000000000140       0x20 _build/nrf52832_xxaa/app_error_weak.c.o
 .debug_frame   0x0000000000000160       0x30 _build/nrf52832_xxaa/nrf_section_iter.c.o
 .debug_frame   0x0000000000000190       0x2c _build/nrf52832_xxaa/main.c.o
 .debug_frame   0x00000000000001bc       0x60 _build/nrf52832_xxaa/system_nrf52.c.o
 .debug_frame   0x000000000000021c      0x128 _build/nrf52832_xxaa/nrf_sdh.c.o
 .debug_frame   0x0000000000000344       0x48 _build/nrf52832_xxaa/nrf_sdh_soc.c.o
 .debug_frame   0x000000000000038c       0x28 /usr/local/Cellar/arm-none-eabi-gcc/10.3-2021.07/gcc/bin/../lib/gcc/arm-none-eabi/10.3.1/../../../../arm-none-eabi/lib/thumb/v7e-m+fp/hard/libc_nano.a(lib_a-exit.o)
 .debug_frame   0x00000000000003b4       0x2c /usr/local/Cellar/arm-none-eabi-gcc/10.3-2021.07/gcc/bin/../lib/gcc/arm-none-eabi/10.3.1/../../../../arm-none-eabi/lib/thumb/v7e-m+fp/hard/libc_nano.a(lib_a-init.o)
 .debug_frame   0x00000000000003e0       0x20 /usr/local/Cellar/arm-none-eabi-gcc/10.3-2021.07/gcc/bin/../lib/gcc/arm-none-eabi/10.3.1/../../../../arm-none-eabi/lib/thumb/v7e-m+fp/hard/libc_nano.a(lib_a-memset.o)
 .debug_frame   0x0000000000000400       0x20 /usr/local/Cellar/arm-none-eabi-gcc/10.3-2021.07/gcc/bin/../lib/gcc/arm-none-eabi/10.3.1/../../../../arm-none-eabi/lib/thumb/v7e-m+fp/hard/libnosys.a(_exit.o)
